PASS 390 flags off: zero trend requests
PASS 390 browse stored data only, authenticated contract
PASS 390 radar fits viewport
PASS 390 mobile control hierarchy and 44px targets
PASS 390 radar axe
PASS 390 whitespace evidence disclosure axe
PASS 390 supported sample and explicit forecast fits viewport
PASS 390 supported sample and explicit forecast axe
PASS 390 synthetic Python-produced whitespace and forecast support, explicit toggle, exact table, separate observed series
PASS 390 expanded DNA and comparison fits viewport
PASS 390 expanded DNA and comparison axe
PASS 390 DNA keyboard evidence, Unknown comparison, platform honesty, creator focus path
PASS 390 exact method windows units snapshots and seven independent fit dimensions
PASS 390 trust drawer axe
PASS 390 reduced motion removes drawer transitions
PASS 390 trust layers, native language, graph equivalent, focus trap/Escape/restore
PASS 390 insufficient calibration hides percentage
PASS 390 native language interpretation and evidence retained
PASS 390 Lab fits viewport
PASS 390 Lab populated diagnostics axe
PASS 200% browser-zoom-equivalent reflow: 390 physical pixels / 195 CSS pixels
PASS 390 at 200% zoom fits viewport
PASS drawer at 200% zoom fits viewport
PASS 200% zoom axe
PASS 390 zero unexpected mutations/runtime errors
PASS 430 flags off: zero trend requests
PASS 430 browse stored data only, authenticated contract
PASS 430 radar fits viewport
PASS 430 mobile control hierarchy and 44px targets
PASS 430 radar axe
PASS 430 whitespace evidence disclosure axe
PASS 430 supported sample and explicit forecast fits viewport
PASS 430 supported sample and explicit forecast axe
PASS 430 synthetic Python-produced whitespace and forecast support, explicit toggle, exact table, separate observed series
PASS 430 expanded DNA and comparison fits viewport
PASS 430 expanded DNA and comparison axe
PASS 430 DNA keyboard evidence, Unknown comparison, platform honesty, creator focus path
PASS 430 exact method windows units snapshots and seven independent fit dimensions
PASS 430 trust drawer axe
PASS 430 reduced motion removes drawer transitions
PASS 430 trust layers, native language, graph equivalent, focus trap/Escape/restore
PASS 430 insufficient calibration hides percentage
PASS 430 native language interpretation and evidence retained
PASS 430 Lab fits viewport
PASS 430 Lab populated diagnostics axe
PASS 430 zero unexpected mutations/runtime errors
