test_candidate_is_time_causal_and_reordering_invariant (test_trend_forecast.Forecast.test_candidate_is_time_causal_and_reordering_invariant) ... ok
test_candidate_must_improve_better_baseline_with_positive_interval (test_trend_forecast.Forecast.test_candidate_must_improve_better_baseline_with_positive_interval) ... ok
test_embargo_excludes_recent_windows (test_trend_forecast.Forecast.test_embargo_excludes_recent_windows) ... ok
test_executable_third_candidate_predicts_actual_linear_counts (test_trend_forecast.Forecast.test_executable_third_candidate_predicts_actual_linear_counts) ... ok
test_failed_numeric_sample_and_approval_gates (test_trend_forecast.Forecast.test_failed_numeric_sample_and_approval_gates) ... ok
test_fixtures_and_incomplete_gates_never_qualify (test_trend_forecast.Forecast.test_fixtures_and_incomplete_gates_never_qualify) ... ok
test_future_count_and_future_availability_cannot_change_prediction (test_trend_forecast.Forecast.test_future_count_and_future_availability_cannot_change_prediction) ... ok
test_future_cutoff_embargo_and_crossing_quantiles_reject (test_trend_forecast.Forecast.test_future_cutoff_embargo_and_crossing_quantiles_reject) ... ok
test_future_labels_cannot_change_historical_predictions (test_trend_forecast.Forecast.test_future_labels_cannot_change_historical_predictions) ... ok
test_group_separation_is_explicit_and_excludes_shared_groups (test_trend_forecast.Forecast.test_group_separation_is_explicit_and_excludes_shared_groups) ... ok
test_large_history_preserves_all_baseline_residuals_but_bounds_candidate (test_trend_forecast.Forecast.test_large_history_preserves_all_baseline_residuals_but_bounds_candidate) ... ok
test_last_value_seasonal_naive_and_residual_quantiles (test_trend_forecast.Forecast.test_last_value_seasonal_naive_and_residual_quantiles) ... ok
test_loss_recipe_and_gate_tamper_fail_even_with_resealed_report (test_trend_forecast.Forecast.test_loss_recipe_and_gate_tamper_fail_even_with_resealed_report) ... ok
test_mae_pinball_coverage_sharpness_arithmetic (test_trend_forecast.Forecast.test_mae_pinball_coverage_sharpness_arithmetic) ... ok
test_missing_future_and_revoked_outcomes_censored (test_trend_forecast.Forecast.test_missing_future_and_revoked_outcomes_censored) ... ok
test_missing_future_window_never_zero (test_trend_forecast.Forecast.test_missing_future_window_never_zero) ... ok
test_paired_outcome_or_episode_disagreement_rejected (test_trend_forecast.Forecast.test_paired_outcome_or_episode_disagreement_rejected) ... ok
test_population_and_retention_limits_fail_closed (test_trend_forecast.Forecast.test_population_and_retention_limits_fail_closed) ... ok
test_prediction_needs_explicit_cohort_and_retained_history_through_horizon (test_trend_forecast.Forecast.test_prediction_needs_explicit_cohort_and_retained_history_through_horizon) ... ok
test_projection_cannot_reuse_expired_revoked_mismatched_or_tampered_qualification (test_trend_forecast.Forecast.test_projection_cannot_reuse_expired_revoked_mismatched_or_tampered_qualification) ... ok
test_qualification_executes_candidate_and_records_sample_ci_gates (test_trend_forecast.Forecast.test_qualification_executes_candidate_and_records_sample_ci_gates) ... ok
test_qualification_source_loss_and_method_withdrawal_fail_closed (test_trend_forecast.Forecast.test_qualification_source_loss_and_method_withdrawal_fail_closed) ... ok
test_qualified_projection_replays_and_has_exact_binding_metadata (test_trend_forecast.Forecast.test_qualified_projection_replays_and_has_exact_binding_metadata) ... ok
test_rolling_origin_episode_separation_and_exact_mae (test_trend_forecast.Forecast.test_rolling_origin_episode_separation_and_exact_mae) ... ok
test_scope_and_preregistration_and_interval_gates (test_trend_forecast.Forecast.test_scope_and_preregistration_and_interval_gates) ... ok
test_strict_bounds_duplicates_and_sparse_support (test_trend_forecast.Forecast.test_strict_bounds_duplicates_and_sparse_support) ... ok
test_target_cohort_horizon_method_and_scope_are_bound (test_trend_forecast.Forecast.test_target_cohort_horizon_method_and_scope_are_bound) ... ok
test_unbound_pair_scores_no_external_data_and_missing_labels_fail_closed (test_trend_forecast.Forecast.test_unbound_pair_scores_no_external_data_and_missing_labels_fail_closed) ... ok
test_wrong_outcome_labels_censor_all_methods (test_trend_forecast.Forecast.test_wrong_outcome_labels_censor_all_methods) ... ok
test_wrong_target_frame_or_horizon_and_structural_break (test_trend_forecast.Forecast.test_wrong_target_frame_or_horizon_and_structural_break) ... ok

----------------------------------------------------------------------
Ran 30 tests in 6.772s

OK
