test_basis_uses_exact_readings_and_scope_digest (test_review.ReviewTests.test_basis_uses_exact_readings_and_scope_digest) ... ok
test_dates_require_explicit_timezone_and_half_open_period (test_review.ReviewTests.test_dates_require_explicit_timezone_and_half_open_period) ... ok
test_duplicate_readings_count_one_publication_and_latest_failure_is_stale (test_review.ReviewTests.test_duplicate_readings_count_one_publication_and_latest_failure_is_stale) ... ok
test_mixed_readings_cannot_make_a_ratio (test_review.ReviewTests.test_mixed_readings_cannot_make_a_ratio) ... ok
test_relative_view_resolves_dst_local_week_without_moving_snapshot (test_review.ReviewTests.test_relative_view_resolves_dst_local_week_without_moving_snapshot) ... ok
test_revoked_rights_remove_value_and_source (test_review.ReviewTests.test_revoked_rights_remove_value_and_source) ... ok
test_route_workspace_cannot_be_overridden (test_review.ReviewTests.test_route_workspace_cannot_be_overridden) ... ok
test_strict_offset_definition_cutoff_and_identity (test_review.ReviewTests.test_strict_offset_definition_cutoff_and_identity) ... ok
test_zero_and_null_and_invalid_values_are_separate (test_review.ReviewTests.test_zero_and_null_and_invalid_values_are_separate) ... ok
test_zero_baseline_has_no_relative_infinity (test_review.ReviewTests.test_zero_baseline_has_no_relative_infinity) ... ok
test_invalid_values_do_not_become_numbers_in_summary (test_review_evidence.EvidenceTests.test_invalid_values_do_not_become_numbers_in_summary) ... ok
test_legacy_lesson_does_not_invent_publication_period (test_review_evidence.EvidenceTests.test_legacy_lesson_does_not_invent_publication_period) ... ok
test_lesson_periods_bind_exact_metric_and_digest_changes (test_review_evidence.EvidenceTests.test_lesson_periods_bind_exact_metric_and_digest_changes) ... ok
test_unrelated_refresh_does_not_change_primary_binding (test_review_evidence.EvidenceTests.test_unrelated_refresh_does_not_change_primary_binding) ... ok
test_hypothesis_range_uses_its_supporting_metric_time (test_rafii_analytics_acceptance.SyntheticAnalyticsAcceptance.test_hypothesis_range_uses_its_supporting_metric_time) ... ok
test_insufficient_history_and_unavailable_data_withhold_outcome_recommendations (test_rafii_analytics_acceptance.SyntheticAnalyticsAcceptance.test_insufficient_history_and_unavailable_data_withhold_outcome_recommendations) ... ok
test_missing_analytics_authorization_identified_before_transport (test_rafii_analytics_acceptance.SyntheticAnalyticsAcceptance.test_missing_analytics_authorization_identified_before_transport) ... ok
test_missing_invalid_and_unavailable_values_never_become_measured_zero (test_rafii_analytics_acceptance.SyntheticAnalyticsAcceptance.test_missing_invalid_and_unavailable_values_never_become_measured_zero) ... ok
test_postmortem_lessons_emit_supporting_evidence_time_range (test_rafii_analytics_acceptance.SyntheticAnalyticsAcceptance.test_postmortem_lessons_emit_supporting_evidence_time_range) ... ok
test_sufficient_native_data_is_observation_with_traceable_qualified_hypotheses (test_rafii_analytics_acceptance.SyntheticAnalyticsAcceptance.test_sufficient_native_data_is_observation_with_traceable_qualified_hypotheses) ... ok
test_true_measured_zero_survives_parser_storage_display_and_comparison (test_rafii_analytics_acceptance.SyntheticAnalyticsAcceptance.test_true_measured_zero_survives_parser_storage_display_and_comparison) ... ok
test_more_editing_since_a_rule_took_effect_proposes_its_retirement (test_postriff_learning_performance.KillSwitch.test_more_editing_since_a_rule_took_effect_proposes_its_retirement) ... ok
test_like_for_like_means_one_content_type (test_postriff_learning_performance.PerformanceNote.test_like_for_like_means_one_content_type) ... ok
test_no_note_without_three_measured_posts_of_each_kind_a_known_feature_or_a_matching_scope (test_postriff_learning_performance.PerformanceNote.test_no_note_without_three_measured_posts_of_each_kind_a_known_feature_or_a_matching_scope) ... ok
test_note_compares_like_for_like_and_names_the_direction (test_postriff_learning_performance.PerformanceNote.test_note_compares_like_for_like_and_names_the_direction) ... ok
test_performance_alone_never_makes_a_proposal (test_postriff_learning_performance.PerformanceNote.test_performance_alone_never_makes_a_proposal) ... ok
test_revision_stats_summarise_editing_per_style_revision (test_postriff_learning_performance.PerformanceNote.test_revision_stats_summarise_editing_per_style_revision) ... ok
test_decision_ids_are_bounded (test_growth_closed_loop.ClosedLoopTests.test_decision_ids_are_bounded) ... ok
test_experiment_gate_is_honest (test_growth_closed_loop.ClosedLoopTests.test_experiment_gate_is_honest) ... ok
test_holdout_failure_cannot_approve (test_growth_closed_loop.ClosedLoopTests.test_holdout_failure_cannot_approve) ... ok
test_lessons_do_not_mix_opposite_expectations_or_models (test_growth_closed_loop.ClosedLoopTests.test_lessons_do_not_mix_opposite_expectations_or_models) ... ok
test_privacy_and_synthesis_validation (test_growth_closed_loop.ClosedLoopTests.test_privacy_and_synthesis_validation) ... ok
test_publication_boundaries_and_counterexamples (test_growth_closed_loop.ClosedLoopTests.test_publication_boundaries_and_counterexamples) ... ok
test_reading_status_requires_a_mounted_worker_and_its_workspace_admission (test_growth_closed_loop.ClosedLoopTests.test_reading_status_requires_a_mounted_worker_and_its_workspace_admission) ... ok
test_release_gate_rejects_fixtures_and_wrong_assignment (test_growth_closed_loop.ClosedLoopTests.test_release_gate_rejects_fixtures_and_wrong_assignment) ... ok
test_same_account_cohort_and_version (test_growth_closed_loop.ClosedLoopTests.test_same_account_cohort_and_version) ... ok
test_small_constant_missing_and_wrong_model (test_growth_closed_loop.ClosedLoopTests.test_small_constant_missing_and_wrong_model) ... ok
test_unavailable_and_zero_are_not_success (test_growth_closed_loop.ClosedLoopTests.test_unavailable_and_zero_are_not_success) ... ok
test_uncertain_privacy_is_withheld (test_growth_closed_loop.ClosedLoopTests.test_uncertain_privacy_is_withheld) ... ok
test_growth_tracking_covers_all_visible_posts_without_dispatch (test_growth_beta.BetaStatus.test_growth_tracking_covers_all_visible_posts_without_dispatch) ... ok
test_status_fails_closed_without_workspace_and_trust (test_growth_beta.BetaStatus.test_status_fails_closed_without_workspace_and_trust) ... ok
test_tracking_states_preserve_missing_and_zero (test_growth_beta.BetaStatus.test_tracking_states_preserve_missing_and_zero) ... ok
test_jev_cannot_be_dispatched_as_a_growth_oracle (test_growth_beta.ComparableFeedback.test_jev_cannot_be_dispatched_as_a_growth_oracle) ... ok
test_non_24h_outcomes_never_enter_hypotheses (test_growth_beta.ComparableFeedback.test_non_24h_outcomes_never_enter_hypotheses) ... ok
test_provider_parser_rejects_nonfinite_native_numbers (test_growth_beta.ComparableFeedback.test_provider_parser_rejects_nonfinite_native_numbers) ... ok
test_relative_comparison_requires_five_and_positive_baseline (test_growth_beta.ComparableFeedback.test_relative_comparison_requires_five_and_positive_baseline) ... ok
test_same_native_id_never_shares_account_or_publication (test_growth_beta.ComparableFeedback.test_same_native_id_never_shares_account_or_publication) ... ok
test_scout_metric_keeps_its_own_definition_version (test_growth_beta.ComparableFeedback.test_scout_metric_keeps_its_own_definition_version) ... ok
test_scout_outcome_rejects_a_foreign_native_post_for_the_job (test_growth_beta.ComparableFeedback.test_scout_outcome_rejects_a_foreign_native_post_for_the_job) ... ok
test_conversion_rejects_mismatched_contract (test_growth_beta.FollowerBoundary.test_conversion_rejects_mismatched_contract) ... ok
test_conversion_zero_denominator_unavailable (test_growth_beta.FollowerBoundary.test_conversion_zero_denominator_unavailable) ... ok
test_follower_objective_rejects_proxy_choice (test_growth_beta.FollowerBoundary.test_follower_objective_rejects_proxy_choice) ... ok
test_saved_proxy_never_enters_learning (test_growth_beta.FollowerBoundary.test_saved_proxy_never_enters_learning) ... ok
test_unqualified_native_pair_unavailable (test_growth_beta.FollowerBoundary.test_unqualified_native_pair_unavailable) ... ok
test_backoff_is_bounded_and_deterministic (test_growth_metric_schedule.Hooks.test_backoff_is_bounded_and_deterministic) ... ok
test_flag_default_off (test_growth_metric_schedule.Hooks.test_flag_default_off) ... ok
test_scheduling_runs_after_a_failing_hook_and_the_error_still_reaches_the_worker (test_growth_metric_schedule.Hooks.test_scheduling_runs_after_a_failing_hook_and_the_error_still_reaches_the_worker) ... ok
test_workspace_list_is_explicit_and_invalid_entries_deny_the_whole_list (test_growth_metric_schedule.Hooks.test_workspace_list_is_explicit_and_invalid_entries_deny_the_whole_list) ... ok
test_a_failing_completion_does_not_stop_the_step (test_growth_metric_schedule.Read.test_a_failing_completion_does_not_stop_the_step) ... {"event": "metric_reads.complete_failed", "exceptionType": "RuntimeError"}
ok
test_classification (test_growth_metric_schedule.Read.test_classification) ... {"event": "metric_reads.read_failed", "exceptionType": "ValueError"}
ok
test_grant_reused_within_a_tick (test_growth_metric_schedule.Read.test_grant_reused_within_a_tick) ... ok
test_introspection_or_revocation_during_grant_fetch_suppresses_read (test_growth_metric_schedule.Read.test_introspection_or_revocation_during_grant_fetch_suppresses_read) ... ok
test_provider_attempt_signals_do_not_report_unknown_cost_as_zero (test_growth_metric_schedule.Read.test_provider_attempt_signals_do_not_report_unknown_cost_as_zero) ... ok
test_review_pause_workspace_and_scopes_are_rechecked_before_insights (test_growth_metric_schedule.Read.test_review_pause_workspace_and_scopes_are_rechecked_before_insights) ... ok
test_account_language_window_and_source_controls (test_growth_loop.GrowthLoopTests.test_account_language_window_and_source_controls) ... ok
test_hypotheses_keep_each_accounts_native_metric (test_growth_loop.GrowthLoopTests.test_hypotheses_keep_each_accounts_native_metric) ... ok
test_invalid_numeric_and_foreign_channel (test_growth_loop.GrowthLoopTests.test_invalid_numeric_and_foreign_channel) ... ok
test_minimum_sample_and_no_early_result (test_growth_loop.GrowthLoopTests.test_minimum_sample_and_no_early_result) ... ok
test_missing_or_equal_data_has_no_supported_factor (test_growth_loop.GrowthLoopTests.test_missing_or_equal_data_has_no_supported_factor) ... ok
test_next_week_prepared_excludes_rejected_and_later_weeks (test_growth_loop.GrowthLoopTests.test_next_week_prepared_excludes_rejected_and_later_weeks) ... ok
test_primary_goal_idempotency_and_conflict (test_growth_loop.GrowthLoopTests.test_primary_goal_idempotency_and_conflict) ... ok
test_proof_excludes_unused_drafts_and_has_safe_notifications (test_growth_loop.GrowthLoopTests.test_proof_excludes_unused_drafts_and_has_safe_notifications) ... ok
test_robust_medians_counter_evidence_and_no_causal_claim (test_growth_loop.GrowthLoopTests.test_robust_medians_counter_evidence_and_no_causal_claim) ... ok
test_strategy_requires_explicit_decision_and_is_scoped_reversible (test_growth_loop.GrowthLoopTests.test_strategy_requires_explicit_decision_and_is_scoped_reversible) ... ok
test_unavailable_metric_is_null (test_growth_loop.GrowthLoopTests.test_unavailable_metric_is_null) ... ok
test_verified_receipts_exclude_failed_and_unverified (test_growth_loop.GrowthLoopTests.test_verified_receipts_exclude_failed_and_unverified) ... ok

----------------------------------------------------------------------
Ran 76 tests in 0.154s

OK
