test_ai_classification_is_a_suggestion_until_human_confirmation (test_review.ReviewTests.test_ai_classification_is_a_suggestion_until_human_confirmation) ... ok
test_basis_uses_exact_readings_and_scope_digest (test_review.ReviewTests.test_basis_uses_exact_readings_and_scope_digest) ... ok
test_bounded_takeaways_keep_support_counter_and_no_empty_claims (test_review.ReviewTests.test_bounded_takeaways_keep_support_counter_and_no_empty_claims) ... ok
test_classification_versions_do_not_rewrite_old_membership (test_review.ReviewTests.test_classification_versions_do_not_rewrite_old_membership) ... ok
test_dates_require_explicit_timezone_and_half_open_period (test_review.ReviewTests.test_dates_require_explicit_timezone_and_half_open_period) ... ok
test_duplicate_readings_count_one_publication_and_latest_failure_is_stale (test_review.ReviewTests.test_duplicate_readings_count_one_publication_and_latest_failure_is_stale) ... ok
test_exports_use_same_snapshot_and_csv_is_safe (test_review.ReviewTests.test_exports_use_same_snapshot_and_csv_is_safe) ... ok
test_mixed_readings_cannot_make_a_ratio (test_review.ReviewTests.test_mixed_readings_cannot_make_a_ratio) ... ok
test_relative_view_resolves_dst_local_week_without_moving_snapshot (test_review.ReviewTests.test_relative_view_resolves_dst_local_week_without_moving_snapshot) ... ok
test_reuse_deduplicates_and_has_no_history_import_effect (test_review.ReviewTests.test_reuse_deduplicates_and_has_no_history_import_effect) ... ok
test_revoked_rights_remove_value_and_source (test_review.ReviewTests.test_revoked_rights_remove_value_and_source) ... ok
test_route_workspace_cannot_be_overridden (test_review.ReviewTests.test_route_workspace_cannot_be_overridden) ... ok
test_saved_view_relative_rule_replay_and_revision_conflict (test_review.ReviewTests.test_saved_view_relative_rule_replay_and_revision_conflict) ... ok
test_snapshot_is_immutable_and_notes_make_a_new_version (test_review.ReviewTests.test_snapshot_is_immutable_and_notes_make_a_new_version) ... ok
test_strict_offset_definition_cutoff_and_identity (test_review.ReviewTests.test_strict_offset_definition_cutoff_and_identity) ... ok
test_unreviewed_personalization_withholds_accuracy_and_best_claims (test_review.ReviewTests.test_unreviewed_personalization_withholds_accuracy_and_best_claims) ... ok
test_zero_and_null_and_invalid_values_are_separate (test_review.ReviewTests.test_zero_and_null_and_invalid_values_are_separate) ... ok
test_zero_baseline_has_no_relative_infinity (test_review.ReviewTests.test_zero_baseline_has_no_relative_infinity) ... ok

----------------------------------------------------------------------
Ran 18 tests in 0.256s

OK
