✔ every preview and confirm path is a registered Live route with the action capability (1.340125ms)
✔ request bodies carry exactly the fields the server validates (1.663333ms)
✔ inputs parse to the integers the server takes, without float rounding (1.316666ms)
✔ a block needs the typed word; only a block sends it (0.153916ms)
✔ Demo, a missing capability and credits off disable an action with a reason (0.1055ms)
✔ every refusal code the server can answer has fixed copy (0.490667ms)
✔ failures become fixed copy: step-up, policy, stale preview, unknown outcome, never a server sentence (0.255875ms)
✔ the active block of a person or of one of their workspaces is found (0.092708ms)
✔ the preview facts are written, not computed (34.26775ms)
✔ the dialog is named, returns focus, stays Live-only and sends only through the founder client (3.144917ms)
✔ buckets are keyed by dimensions.window although every row carries the query interval (21.283875ms)
✔ tokens stack in the four PRD types and an unreported type is not a zero (0.628625ms)
✔ latency p50 / p95 come from each row as the server computed them, never averaged; n is shown (0.518625ms)
✔ routes per model join three server answers without browser arithmetic (0.258167ms)
✔ coverage: ledger money beside the unknown estimate, attempts by cost basis (0.24725ms)
✔ cost per useful outcome names its basis and never turns zero outcomes into a zero cost (0.156416ms)
✔ forecast: actual days solid, the scenario dashed from the last actual value, budget from the server (0.307917ms)
✔ a queue row reconciles its own reservation; Demo ids that are not UUIDs cannot start one (0.6845ms)
✔ every query the page sends stays inside the catalog (allowed dimensions, no comparison over window) (2.3005ms)
✔ every ai-cost tab id has an anchor on the page (0.6045ms)
✔ GET reads carry the cookie, no CSRF token, and never cache (38.978833ms)
✔ non-GET reads the CSRF token once from /session and sends it with JSON (1.399125ms)
✔ an incident ack names the data mode in the query (the only place the server reads it) and sends only the version (1.373334ms)
✔ agent turns carry an Idempotency-Key equal to the body key, and a resend reuses it (3.493834ms)
✔ a 401 sends the person to /founder/sign-in with a founder-only next and throws fixed copy (0.947292ms)
✔ error copy is fixed per code and status; server text and foreign next targets never pass through (0.398459ms)
✔ a Demo action carries the revision and keeps one request id while the same payload is retried (2.888084ms)
✔ a Demo save whose revision did not advance is refused rather than trusted (0.191666ms)
✔ founderFetch returns the body as sent (metrics answer with the receipt body, not an envelope) (0.277584ms)
✔ query keys are namespaced by founder, mode and environment (0.115584ms)
✔ voice is available only when the status says so; every blocker keeps its fixed code (2.301083ms)
✔ every blocker Control can send for founder voice has words in the panel (0.75225ms)
✔ starting a call posts the browser offer to the founder route in the panel’s data mode (0.346042ms)
✔ a spoken request is one founder turn on the call’s delegation route, with the founder page context (0.173375ms)
✔ the spoken words are only ever the server’s (0.078334ms)
✔ a spoken request without a voice session is refused before any request (0.37525ms)
✔ progress polling never calls Control; transcript and end go to the call’s routes (0.179042ms)
✔ a failed voice request reaches the controller through the error mapping (0.115792ms)
✔ one call per data mode and environment (0.08275ms)
✔ the notice events and blocker words match Control (1.032583ms)
✔ a preferences draft starts from the saved values, and every unsaved event defaults on (0.154916ms)
✔ saving sends every section in the server’s shape, or names the first problem (0.263208ms)
✔ channel readiness says which gate is closed, by name (0.096209ms)
✔ routes and notice channels read as the server planned them (0.13225ms)
✔ the contact policy channel list is read as the server sends it (0.097041ms)
✔ a briefing version says its basis and coverage as counted, never a made-up 0 (0.089084ms)
✔ the founder workspace panel says where the workspace comes from (0.092875ms)
✔ a stale second factor asks for a fresh sign-in; other refusals keep their meaning (0.099792ms)
✔ Settings answers to exactly the nav’s tab ids (0.505667ms)
✔ the founder panel keeps its accessible names and offers voice instead of a dead button (1.02125ms)
✔ a trusted CI manifest for the exact SHA lets five attested green rows read Checks passed (3.180666ms)
✔ only a trusted provenance supplies the count, and the newest such manifest speaks for the SHA (1.060667ms)
✔ rows the collector writes for pending, unattested or exempt checks never read green (0.352833ms)
✔ the trusted provenance list is the server list (2.05225ms)
✔ the kit lists exactly the catalog metrics that keep currencies separate (5.90725ms)
✔ the Overview and the eight PRD sections exist, each with a route, icon, question and tabs (4.788083ms)
✔ every section appears in exactly one sidebar group, and the registry covers the routed ones (0.123375ms)
✔ routing helpers accept only real sections (0.127167ms)
✔ founder links keep the Demo data mode and extra parameters; Live adds nothing (0.262291ms)
✔ the phone tab bar is Overview, Customers, AI cost, Operations (Rafii is added by the bar) (0.06375ms)
✔ breadcrumbs read Founder › Section and never a record id (0.238875ms)
✔ the redirect map covers the preview routes and is mirrored verbatim in next.config.ts (0.596708ms)
✔ every page query asks only for its metric catalog dimensions, at most three, without a comparison (5.560625ms)
✔ the views send every metric query through opsSpec, so the catalog check above covers them all (1.164208ms)
✔ a row the server did not measure is never a number, and never 0 (13.151458ms)
✔ dimension items keep the server order and labels, and age bands sort in their natural order (0.295375ms)
✔ API health joins the error-rate row and the p50/p95 rows of each route, never averaging them (0.22775ms)
✔ SLO burn shows the server verdicts per pair and the proposed-SLO label (0.313041ms)
✔ queue counters group by their queue with labels; peaks are row values, the latest a measure (0.177542ms)
✔ the connection matrix pivots provider × capability and names the worst state of each cell (0.659083ms)
✔ swimlanes lay out Live and Demo episodes by detector inside the 7-day track (0.389708ms)
✔ incident timelines read Live `kind` and Demo `type` events and add the lifecycle stamps (0.191917ms)
✔ source health lists every probed source with its last good read, and the D7 ticket source is reported, not zero (0.171334ms)
✔ the pages keep the browser-gate guarantees: Ack only in Live, scrollers relative, Demo states honest (0.939791ms)
✔ the engineering state is intelligence.engineering_state: exact SHA, manifest count, attested, success (0.211041ms)
✔ the overall verdict judges the newest exact SHA against its manifest and says why it is not green (0.719291ms)
✔ Advanced keeps the nav tab order, shows the founder action log, and the engineering tab only reads (0.914917ms)
✔ periods are half-open UTC intervals ending now, with the viewer zone attached (3.4965ms)
✔ an unreported metric value is a word, never 0 (44.228667ms)
✔ server timestamps are read as ISO strings or epoch seconds, never compared as text (6.80725ms)
✔ series pivot keeps gaps as null and counts measured buckets per series (1.424167ms)
✔ the query interval every row carries never makes a row a time bucket (0.321ms)
✔ a tile from an unavailable answer has no value and carries when collection started (0.113834ms)
✔ the Live records query sends exactly the five required keys; Demo may refine (0.114583ms)
✔ risk flags are observed rules on returned fields; at-risk is a labelled hypothesis (0.803625ms)
✔ saved views resolve to a server status only when the source reports one (0.162459ms)
✔ shared tile formatting knows every server unit and reads a comparison start as a date (0.487458ms)
✔ attention actions are objects with a kind and a label; an ack is kept only when it names incident and version (0.180042ms)
✔ every deep link the server and the nav emit resolves to a tab the page owns (0.108917ms)
✔ the section registry names the eight domain pages (6.223625ms)
✔ funnel steps keep the server order, counts and drop-offs; an unmeasured step stays null, never 0 (22.456958ms)
✔ the funnel steps match the server definition (0.901584ms)
✔ the stuck drill-down asks for the funnel interval and only when the operator may read it (1.8785ms)
✔ median time to value comes with its n and quartiles; an empty cohort says why (0.214084ms)
✔ feature adoption keeps the eligible denominator per feature and never invents a share (0.381666ms)
✔ the retention grid keeps unmatured cells grey with n/d, and an early answer says how much history it needs (4.90175ms)
✔ time back stays three separate confidences in a fixed order and colour; nothing is added together (0.851166ms)
✔ daily series pivot on the window dimension and keep unmeasured days as gaps (0.151584ms)
✔ retention correlations are a labelled hypothesis; small groups are withheld, not shown as zero (0.23525ms)
✔ every Product query asks for activated metrics and only their allowed dimensions (1.23625ms)
✔ every Product tab id has an anchor and every Customers tab a trigger (0.476875ms)
✔ saved views are the PRD six, each a view the risk route answers (0.834584ms)
✔ flag chips are a join of the server flags onto a customer’s workspaces, one per rule (0.344917ms)
✔ evidence is written with its unit; nothing is computed from it (1.046ms)
✔ a rule says how it was evaluated, including a missing source (0.1035ms)
✔ day series pivot on dimensions.window; a missing day is a gap, never a zero (15.341541ms)
✔ category items keep whole-interval rows only and unmeasured values as null (0.20875ms)
✔ the MRR bridge places floating bars from server values and reconciles (0.31075ms)
✔ forecast points keep the measured line and the scenario apart, by day (0.145584ms)
✔ honest notes for history and reasons (0.135875ms)
✔ route queries: Live sends the exact interval, Demo sends the period anchored at its dataset (0.515292ms)
✔ dunning lists only invoices still owed; the reminder is a draft over ids (0.137916ms)
✔ every metric query on the page uses only catalog-allowed dimensions and groups native currencies by currency (3.194708ms)
✔ the page tabs are exactly the revenue tabs in founder-nav, and nothing renders a zero for a missing value (1.702125ms)
✔ passkey identity is isolated, experimental opt-in, and never creates Founder authority (298.806709ms)
✔ password uses the same existing account and still requires a verified second factor (56.192041ms)
✔ a cancelled passkey prompt neither retries nor falls through to password (31.182ms)
✔ a wrapped non-cancellation error is not mislabeled as user cancellation (19.958125ms)
✔ a wrapped browser cancellation preserves a retryable non-error result (18.861375ms)
✔ disabled passkeys give safe password fallback copy, never raw provider messages (24.886416ms)
✔ failed user verification and mismatched authenticated users cannot advance (32.697375ms)
✔ unverified factors and factor lookup failures cannot be treated as MFA (32.176208ms)
✔ TOTP fallback proves the selected factor before exposing the exchange token (13.75975ms)
✔ an enrolled WebAuthn MFA factor is distinct from passkey primary sign-in (14.071458ms)
✔ second-factor failure, missing token or identity replacement never reaches exchange (41.585834ms)
✔ adding a passkey requires the same server-verified account and AAL2 (12.762958ms)
✔ abandoned identity only signs out the temporary session, not other devices (12.230458ms)
✔ exchange still requires same-origin cookie transport and the existing protected endpoint (36.335375ms)
✔ non-founder exchange is denied with its code preserved, never a client-side grant (12.333375ms)
✔ abort signal is passed to the native passkey operation (11.8555ms)
ℹ tests 130
ℹ suites 0
ℹ pass 130
ℹ fail 0
ℹ cancelled 0
ℹ skipped 0
ℹ todo 0
ℹ duration_ms 1252.1495
