..sssssss..............................sssssssssss........................ssssssssss..................................{"event": "founder_ops.source_unavailable", "exceptionType": "AttributeError"}
......{"event": "founder_ops.source_unavailable", "exceptionType": "AttributeError"}
F{"event": "founder_ops.source_unavailable", "exceptionType": "AttributeError"}
E{"event": "founder_ops.source_unavailable", "exceptionType": "AttributeError"}
.{"event": "founder_ops.source_unavailable", "exceptionType": "AttributeError"}
E.{"event": "founder_ops.source_unavailable", "exceptionType": "AttributeError"}
{"event": "founder_ops.source_unavailable", "exceptionType": "AttributeError"}
F{"event": "founder_ops.source_unavailable", "exceptionType": "AttributeError"}
E{"event": "founder_ops.source_unavailable", "exceptionType": "AttributeError"}
E{"event": "founder_ops.source_unavailable", "exceptionType": "AttributeError"}
E{"event": "founder_ops.source_unavailable", "exceptionType": "AttributeError"}
{"event": "founder_ops.source_unavailable", "exceptionType": "AttributeError"}
E{"event": "founder_ops.source_unavailable", "exceptionType": "AttributeError"}
F{"event": "founder_ops.source_unavailable", "exceptionType": "AttributeError"}
F{"event": "founder_ops.source_unavailable", "exceptionType": "AttributeError"}
E..ssssssssss............................................sssssss{"event": "founder_briefing.operator_unavailable", "error": "OperationalError"}
...{"event": "founder_briefing.metric_unavailable", "metricId": "ai_cost_actual", "error": "RuntimeError"}
{"event": "founder_briefing.metric_unavailable", "metricId": "ai_cost_actual", "error": "RuntimeError"}
{"event": "founder_briefing.metric_unavailable", "metricId": "cash_collected", "error": "RuntimeError"}
{"event": "founder_briefing.metric_unavailable", "metricId": "payment_failures", "error": "RuntimeError"}
{"event": "founder_briefing.metric_unavailable", "metricId": "publish_outcomes", "error": "RuntimeError"}
{"event": "founder_briefing.metric_unavailable", "metricId": "active_workspaces", "error": "RuntimeError"}
{"event": "founder_briefing.metric_unavailable", "metricId": "paid_customers", "error": "RuntimeError"}
{"event": "founder_briefing.metric_unavailable", "metricId": "source_health", "error": "RuntimeError"}
..{"event": "founder_briefing.metric_unavailable", "metricId": "payment_failures", "error": "RuntimeError"}
...{"cause": "table_missing", "event": "founder_ops.not_installed", "pauseSeconds": 600, "stage": "operational_snapshot"}
{"cause": "table_missing", "event": "founder_ops.not_installed", "pauseSeconds": 600, "stage": "connection_health"}
..ssss.........................................................{"error": "UndefinedTable", "event": "founder_notice.preferences_unavailable"}
.....{"error": "UndefinedTable", "event": "founder_notice.preferences_unavailable"}
{"error": "UndefinedTable", "event": "founder_notice.centre_unavailable"}
{"error": "RuntimeError", "event": "founder_notice.digest_failed"}
....{"error": "OperationalError", "event": "founder_notice.outbox_unavailable"}
............sss.........................{"cause": "table_missing", "event": "founder_ops.not_installed", "pauseSeconds": 600, "stage": "operational_snapshot"}
{"cause": "table_missing", "event": "founder_ops.not_installed", "pauseSeconds": 600, "stage": "connection_health"}
........ssssssssss...sssss.{"event": "founder_ops.source_unavailable", "exceptionType": "RuntimeError"}
....................................................ssss.......................ssssssss........s..{"cause": "table_missing", "event": "founder_ops.not_installed", "pauseSeconds": 600, "stage": "operational_snapshot"}
{"cause": "table_missing", "event": "founder_ops.not_installed", "pauseSeconds": 600, "stage": "connection_health"}
..{"cause": "table_missing", "event": "founder_ops.not_installed", "pauseSeconds": 600, "stage": "reliability_purge"}
..............{"event": "founder_slice_unavailable", "reason": "RuntimeError", "slice": "founder_metrics_ops"}
.................rafii.voice.start.failed {"errorCode": "invalid_api_key", "phase": "live_create", "reason": "live_auth", "upstreamStatus": 401}
........................sssssssssss...............ssss...........................sssssss.............{"event": "weather.unavailable", "reason": "timeout", "traceId": "trace_e904b3d161f0c3d9fdff8b5af1f92845"}
.........................{"event": "weather.unavailable", "reason": "URLError: <urlopen error [Errno 8] nodename>", "traceId": "trace_799607b22ad268efda0ca764b3d80336"}
{"event": "agent_tool.failed", "tool": "weather_now", "errorClass": "KeyError", "traceId": "trace_04a51636d12d9391c972ce598fd63e87"}
...........................................................{"event": "ai_call_events.write_failed", "errorClass": "AssertionError"}
{"event": "telemetry.journal_unavailable", "writer": "ai_call_events", "errorClass": "AssertionError"}
{"event": "ai_call_events.write_failed", "errorClass": "AssertionError"}
{"event": "telemetry.journal_unavailable", "writer": "ai_call_events", "errorClass": "AssertionError"}
{"event": "ai_call_events.write_failed", "errorClass": "AssertionError"}
{"event": "telemetry.journal_unavailable", "writer": "ai_call_events", "errorClass": "AssertionError"}
{"event": "ai_call_events.write_failed", "errorClass": "AssertionError"}
{"event": "telemetry.journal_unavailable", "writer": "ai_call_events", "errorClass": "AssertionError"}
{"event": "ai_call_events.write_failed", "errorClass": "AssertionError"}
{"event": "telemetry.journal_unavailable", "writer": "ai_call_events", "errorClass": "AssertionError"}
{"event": "ai_call_events.write_failed", "errorClass": "AssertionError"}
{"event": "telemetry.journal_unavailable", "writer": "ai_call_events", "errorClass": "AssertionError"}
...{"event": "ai_call_events.write_failed", "errorClass": "AssertionError"}
{"event": "telemetry.journal_unavailable", "writer": "ai_call_events", "errorClass": "AssertionError"}
.{"event": "ai_call_events.write_failed", "errorClass": "AssertionError"}
{"event": "telemetry.journal_unavailable", "writer": "ai_call_events", "errorClass": "AssertionError"}
.{"event": "ai_call_events.write_failed", "errorClass": "AssertionError"}
{"event": "telemetry.journal_unavailable", "writer": "ai_call_events", "errorClass": "AssertionError"}
{"event": "ai_call_events.write_failed", "errorClass": "AssertionError"}
{"event": "telemetry.journal_unavailable", "writer": "ai_call_events", "errorClass": "AssertionError"}
{"event": "ai_call_events.write_failed", "errorClass": "AssertionError"}
{"event": "telemetry.journal_unavailable", "writer": "ai_call_events", "errorClass": "AssertionError"}
{"event": "ai_call_events.write_failed", "errorClass": "AssertionError"}
{"event": "telemetry.journal_unavailable", "writer": "ai_call_events", "errorClass": "AssertionError"}
{"event": "ai_call_events.write_failed", "errorClass": "AssertionError"}
{"event": "telemetry.journal_unavailable", "writer": "ai_call_events", "errorClass": "AssertionError"}
.{"event": "ai_call_events.write_failed", "errorClass": "AssertionError"}
{"event": "telemetry.journal_unavailable", "writer": "ai_call_events", "errorClass": "AssertionError"}
{"event": "ai_call_events.write_failed", "errorClass": "AssertionError"}
{"event": "telemetry.journal_unavailable", "writer": "ai_call_events", "errorClass": "AssertionError"}
{"event": "ai_call_events.write_failed", "errorClass": "AssertionError"}
{"event": "telemetry.journal_unavailable", "writer": "ai_call_events", "errorClass": "AssertionError"}
{"event": "ai_call_events.write_failed", "errorClass": "AssertionError"}
{"event": "telemetry.journal_unavailable", "writer": "ai_call_events", "errorClass": "AssertionError"}
{"event": "ai_call_events.write_failed", "errorClass": "AssertionError"}
{"event": "telemetry.journal_unavailable", "writer": "ai_call_events", "errorClass": "AssertionError"}
{"event": "ai_call_events.write_failed", "errorClass": "AssertionError"}
{"event": "telemetry.journal_unavailable", "writer": "ai_call_events", "errorClass": "AssertionError"}
{"event": "ai_call_events.write_failed", "errorClass": "AssertionError"}
{"event": "telemetry.journal_unavailable", "writer": "ai_call_events", "errorClass": "AssertionError"}
{"event": "ai_call_events.write_failed", "errorClass": "AssertionError"}
{"event": "telemetry.journal_unavailable", "writer": "ai_call_events", "errorClass": "AssertionError"}
{"event": "ai_call_events.write_failed", "errorClass": "AssertionError"}
{"event": "telemetry.journal_unavailable", "writer": "ai_call_events", "errorClass": "AssertionError"}
{"event": "ai_call_events.write_failed", "errorClass": "AssertionError"}
{"event": "telemetry.journal_unavailable", "writer": "ai_call_events", "errorClass": "AssertionError"}
{"event": "ai_call_events.write_failed", "errorClass": "AssertionError"}
{"event": "telemetry.journal_unavailable", "writer": "ai_call_events", "errorClass": "AssertionError"}
.{"event": "ai_call_events.write_failed", "errorClass": "AssertionError"}
{"event": "telemetry.journal_unavailable", "writer": "ai_call_events", "errorClass": "AssertionError"}
.{"event": "ai_call_events.write_failed", "errorClass": "AssertionError"}
{"event": "telemetry.journal_unavailable", "writer": "ai_call_events", "errorClass": "AssertionError"}
..{"event": "ai_call_events.write_failed", "errorClass": "AssertionError"}
{"event": "telemetry.journal_unavailable", "writer": "ai_call_events", "errorClass": "AssertionError"}
.{"event": "ai_call_events.write_failed", "errorClass": "AssertionError"}
{"event": "telemetry.journal_unavailable", "writer": "ai_call_events", "errorClass": "AssertionError"}
..{"event": "ai_call_events.write_failed", "errorClass": "AssertionError"}
{"event": "telemetry.journal_unavailable", "writer": "ai_call_events", "errorClass": "AssertionError"}
.{"event": "ai_call_events.write_failed", "errorClass": "AssertionError"}
{"event": "telemetry.journal_unavailable", "writer": "ai_call_events", "errorClass": "AssertionError"}
{"event": "ai_call_events.write_failed", "errorClass": "AssertionError"}
{"event": "telemetry.journal_unavailable", "writer": "ai_call_events", "errorClass": "AssertionError"}
{"event": "ai_call_events.write_failed", "errorClass": "AssertionError"}
{"event": "telemetry.journal_unavailable", "writer": "ai_call_events", "errorClass": "AssertionError"}
.............................................................................................................................................................................................{"event": "telemetry.journal_unavailable", "writer": "product_events", "errorClass": "RuntimeError"}
..........................................................................................................................{"event": "metric_reads.complete_failed", "exceptionType": "RuntimeError"}
.{"event": "metric_reads.read_failed", "exceptionType": "ValueError"}
.....error: /Users/ouxianxing/Documents/James-Au-Studio-founder-admin/data/x.csv is inside a git checkout; write the dataset outside the repository
...........................................................{"event": "telemetry.journal_unavailable", "writer": "ai_call_events", "errorClass": "TypeError"}
.............................................................................................................{"event": "history_import.purge_mark_failed", "exceptionType": "AssertionError"}
{"event": "history_import.purge_sweep_failed", "exceptionType": "AssertionError"}
.{"event": "history_import.purge_mark_failed", "exceptionType": "AssertionError"}
{"event": "history_import.purge_sweep_failed", "exceptionType": "AssertionError"}
...........................................................................................................................................................................................................E...............................................................................................{"event": "cron.completed", "requestId": "b365f5a8aaeb426690d6c1d2a9380eee", "status": "unavailable", "notificationDelivery": "not_configured", "coworker": {"status": "disabled"}, "phone": {"status": "disabled"}}
................................................./Users/ouxianxing/Documents/James-Au-Studio-founder-admin/src/postriff_phase2/cli_runtime.py:420: ResourceWarning: unclosed file <_io.BufferedReader name=6>
  sink.fail(str(error))
ResourceWarning: Enable tracemalloc to get the object allocation traceback
.......................{"event": "request.completed", "requestId": "66e9af7d7268433485bf0c4cf4b233e3", "method": "POST", "status": 503, "durationMs": 0.05, "route": "api"}
.........................................rafii.phone.media.failure {"errorClass": "ValueError", "phase": "runtime_init"}
.................................................................................................................................................................................................................{"event": "cron.completed", "requestId": "d62603d145524ad0b062fcbb5ed8ebc5", "status": "unavailable", "notificationDelivery": "not_configured", "coworker": {"status": "disabled"}, "phone": {"status": "disabled"}}
.......................................................................................................................................................................................................................{"event": "time_back.write_failed", "exceptionType": "RuntimeError"}
.{"event": "time_back.publish_failed", "exceptionType": "RuntimeError"}
..................................................................................................................{"event": "coworker.weekly_recipe_failed", "error": "TypeError"}
.......................................................................................................Executing <Task finished name='Task-4020' coro=<LiveSDKMediaTest.test_actual_sdk_and_twilio_transport_exchange_pcmu_and_final_usage() done, defined at /Users/ouxianxing/Documents/James-Au-Studio-founder-admin/tests/test_rafii_phone_media.py:283> result=None created at /opt/homebrew/Cellar/python@3.12/3.12.13_2/Frameworks/Python.framework/Versions/3.12/lib/python3.12/asyncio/runners.py:100> took 0.108 seconds
......Executing <Task finished name='Task-4144' coro=<LiveSDKMediaTest.test_sdk_validates_every_correlated_command_and_repeated_audio_has_unique_ids() done, defined at /Users/ouxianxing/Documents/James-Au-Studio-founder-admin/tests/test_rafii_phone_media.py:339> result=None created at /opt/homebrew/Cellar/python@3.12/3.12.13_2/Frameworks/Python.framework/Versions/3.12/lib/python3.12/asyncio/runners.py:100> took 0.283 seconds
........................................................................................................................................................................................................................................{"event": "request.completed", "requestId": "353bf0755e71463fba2b1fe7e8790339", "method": "GET", "status": 503, "durationMs": 0.26, "route": "api"}
................................................................ssssssssssssssssssssss.....................ssssssssssssssss..........................................................................................................ssssssssssss..ssssssssss................................................................................ssssssssssssss.ssss...ssssssssssssssssssssss...ssssssssssssssssssssssssssssssssssssssss................ssss...................................................sssssss............ssssss.........sssssssssssssssssss..........................ssss...sssssssssssssssssssssssss.......................................................................s.....................................................................sssssssssss........................ssss...........s.....................................................................sssssssss......................................................................................................sssssssssssssss..................................trend.job_failed code=dispatch_disabled dispatched=False
....trend.job_failed code=dispatch_disabled dispatched=False
.trend.job_failed code=dispatch_disabled dispatched=False
...trend.job_failed code=source_paused dispatched=False
...trend.job_failed code=adapter_contract_mismatch dispatched=True
.trend.job_failed code=adapter_contract_mismatch dispatched=True
........trend.job_failed code=frontier_source_revoked dispatched=True
.trend.job_failed code=frontier_source_revoked dispatched=False
........trend.job_failed code=synthetic_revocation_failure dispatched=True
..trend.job_failed code=provider_or_commit_failure dispatched=True
.trend.job_failed code=cursor_unavailable dispatched=False
.trend.job_failed code=provider_or_commit_failure dispatched=True
.trend.job_failed code=stale_cursor_fence dispatched=True
.trend.job_failed code=provider_or_commit_failure dispatched=True
....trend.job_failed code=dispatch_disabled dispatched=True
.trend.job_failed code=dispatch_disabled dispatched=True
.trend.job_failed code=source_right_not_permitted dispatched=True
.trend.job_failed code=provider_or_commit_failure dispatched=True
..trend.job_failed code=provider_or_commit_failure dispatched=False
...............................................................................................................................................................
======================================================================
ERROR: test_block_refuses_the_operator_the_ops_workspace_and_an_uninstalled_table (control.test_founder_actions.ActionRouteTests.test_block_refuses_the_operator_the_ops_workspace_and_an_uninstalled_table)
----------------------------------------------------------------------
Traceback (most recent call last):
  File "/Users/ouxianxing/Documents/James-Au-Studio-founder-admin/tests/control/test_founder_actions.py", line 474, in test_block_refuses_the_operator_the_ops_workspace_and_an_uninstalled_table
    self.assertEqual((status, refused['blocker']), (409, 'cannot_block_operator'))
                              ~~~~~~~^^^^^^^^^^^
KeyError: 'blocker'

======================================================================
ERROR: test_credits_are_refused_while_off_and_adjust_through_the_book_when_on (control.test_founder_actions.ActionRouteTests.test_credits_are_refused_while_off_and_adjust_through_the_book_when_on)
----------------------------------------------------------------------
Traceback (most recent call last):
  File "/Users/ouxianxing/Documents/James-Au-Studio-founder-admin/tests/control/test_founder_actions.py", line 407, in test_credits_are_refused_while_off_and_adjust_through_the_book_when_on
    self.assertEqual((status, refused['code'], refused['blocker']), (409, 'POLICY_DISABLED', 'credits_not_enabled'))
                                               ~~~~~~~^^^^^^^^^^^
KeyError: 'blocker'

======================================================================
ERROR: test_interrupted_confirm_resumes_with_the_same_request_id_and_executes_once (control.test_founder_actions.ActionRouteTests.test_interrupted_confirm_resumes_with_the_same_request_id_and_executes_once) (when='before')
----------------------------------------------------------------------
Traceback (most recent call last):
  File "/Users/ouxianxing/Documents/James-Au-Studio-founder-admin/tests/control/test_founder_actions.py", line 377, in test_interrupted_confirm_resumes_with_the_same_request_id_and_executes_once
    body = self.confirm_body(preview)
           ^^^^^^^^^^^^^^^^^^^^^^^^^^
  File "/Users/ouxianxing/Documents/James-Au-Studio-founder-admin/tests/control/test_founder_actions.py", line 263, in confirm_body
    action = preview['data']['action']
             ~~~~~~~^^^^^^^^
KeyError: 'data'

======================================================================
ERROR: test_interrupted_confirm_resumes_with_the_same_request_id_and_executes_once (control.test_founder_actions.ActionRouteTests.test_interrupted_confirm_resumes_with_the_same_request_id_and_executes_once) (when='after')
----------------------------------------------------------------------
Traceback (most recent call last):
  File "/Users/ouxianxing/Documents/James-Au-Studio-founder-admin/tests/control/test_founder_actions.py", line 377, in test_interrupted_confirm_resumes_with_the_same_request_id_and_executes_once
    body = self.confirm_body(preview)
           ^^^^^^^^^^^^^^^^^^^^^^^^^^
  File "/Users/ouxianxing/Documents/James-Au-Studio-founder-admin/tests/control/test_founder_actions.py", line 263, in confirm_body
    action = preview['data']['action']
             ~~~~~~~^^^^^^^^
KeyError: 'data'

======================================================================
ERROR: test_missing_step_up_and_expired_previews_are_refused (control.test_founder_actions.ActionRouteTests.test_missing_step_up_and_expired_previews_are_refused)
----------------------------------------------------------------------
Traceback (most recent call last):
  File "/Users/ouxianxing/Documents/James-Au-Studio-founder-admin/tests/control/test_founder_actions.py", line 354, in test_missing_step_up_and_expired_previews_are_refused
    action = preview['data']['action']
             ~~~~~~~^^^^^^^^
KeyError: 'data'

======================================================================
ERROR: test_preview_request_ids_are_idempotent (control.test_founder_actions.ActionRouteTests.test_preview_request_ids_are_idempotent)
----------------------------------------------------------------------
Traceback (most recent call last):
  File "/Users/ouxianxing/Documents/James-Au-Studio-founder-admin/tests/control/test_founder_actions.py", line 510, in test_preview_request_ids_are_idempotent
    self.assertEqual((status, again['data']['replayed'], again['data']['action']['previewId']), (200, True, first['data']['action']['previewId']))
                              ~~~~~^^^^^^^^
KeyError: 'data'

======================================================================
ERROR: test_refused_confirms_have_no_side_effects (control.test_founder_actions.ActionRouteTests.test_refused_confirms_have_no_side_effects)
----------------------------------------------------------------------
Traceback (most recent call last):
  File "/Users/ouxianxing/Documents/James-Au-Studio-founder-admin/tests/control/test_founder_actions.py", line 325, in test_refused_confirms_have_no_side_effects
    action = preview['data']['action']
             ~~~~~~~^^^^^^^^
KeyError: 'data'

======================================================================
ERROR: test_accept_matches_the_email_and_joins_like_the_link_does (test_postriff_account_security.MyInvitations.test_accept_matches_the_email_and_joins_like_the_link_does)
----------------------------------------------------------------------
Traceback (most recent call last):
  File "/Users/ouxianxing/Documents/James-Au-Studio-founder-admin/tests/test_postriff_account_security.py", line 523, in test_accept_matches_the_email_and_joins_like_the_link_does
    joined = service(cursor, verifier(), email_lookup=lambda principal: self.EMAIL).accept_my_invitation("t", "inv-1")
             ^^^^^^^^^^^^^^^^^^^^^^^^^^^^^^^^^^^^^^^^^^^^^^^^^^^^^^^^^^^^^^^^^^^^^^^^^^^^^^^^^^^^^^^^^^^^^^^^^^^^^^^^^
  File "/Users/ouxianxing/Documents/James-Au-Studio-founder-admin/src/postriff_phase2/hosted.py", line 1138, in accept_my_invitation
    return self._join(cur, token, principal, invitation)
           ^^^^^^^^^^^^^^^^^^^^^^^^^^^^^^^^^^^^^^^^^^^^^
  File "/Users/ouxianxing/Documents/James-Au-Studio-founder-admin/src/postriff_phase2/hosted.py", line 1090, in _join
    require_plan_capacity(cur, workspace_id, "members")
  File "/Users/ouxianxing/Documents/James-Au-Studio-founder-admin/src/postriff_phase2/billing.py", line 663, in require_plan_capacity
    entitlement = Ledger().ensure_entitlement(cur, workspace_id, None)
                  ^^^^^^^^^^^^^^^^^^^^^^^^^^^^^^^^^^^^^^^^^^^^^^^^^^^^
  File "/Users/ouxianxing/Documents/James-Au-Studio-founder-admin/src/postriff_phase2/billing.py", line 175, in ensure_entitlement
    return {"planTermsId": row[0], "writingBatchesRemaining": row[1], "mediaCreditsRemaining": row[2], "connectedAccounts": row[3], "members": row[4], "storageMb": row[5], "resetsAt": float(row[6]) if row[6] else None, "source": row[7], "version": row[8]}
                                                              ~~~^^^
IndexError: tuple index out of range

======================================================================
FAIL: test_block_needs_typed_confirmation_takes_effect_and_unblock_lifts_it (control.test_founder_actions.ActionRouteTests.test_block_needs_typed_confirmation_takes_effect_and_unblock_lifts_it)
----------------------------------------------------------------------
Traceback (most recent call last):
  File "/Users/ouxianxing/Documents/James-Au-Studio-founder-admin/tests/control/test_founder_actions.py", line 444, in test_block_needs_typed_confirmation_takes_effect_and_unblock_lifts_it
    self.assertEqual(status, 200, preview)
AssertionError: 503 != 200 : {'requestId': '257bf000-3f29-4a0f-b955-a1c167f49187', 'code': 'SOURCE_UNAVAILABLE', 'message': 'Source unavailable'}

======================================================================
FAIL: test_get_actions_lists_recent_requests_and_active_blocks (control.test_founder_actions.ActionRouteTests.test_get_actions_lists_recent_requests_and_active_blocks)
----------------------------------------------------------------------
Traceback (most recent call last):
  File "/Users/ouxianxing/Documents/James-Au-Studio-founder-admin/tests/control/test_founder_actions.py", line 522, in test_get_actions_lists_recent_requests_and_active_blocks
    self.assertEqual([a['kind'] for a in listing['data']['actions']], ['refund_intent', 'reconcile'])
AssertionError: Lists differ: [] != ['refund_intent', 'reconcile']

Second list contains 2 additional elements.
First extra element 0:
'refund_intent'

- []
+ ['refund_intent', 'reconcile']

======================================================================
FAIL: test_reconcile_preview_then_confirm_executes_once_with_both_audits (control.test_founder_actions.ActionRouteTests.test_reconcile_preview_then_confirm_executes_once_with_both_audits)
----------------------------------------------------------------------
Traceback (most recent call last):
  File "/Users/ouxianxing/Documents/James-Au-Studio-founder-admin/tests/control/test_founder_actions.py", line 287, in test_reconcile_preview_then_confirm_executes_once_with_both_audits
    self.assertEqual(status, 200, preview)
AssertionError: 503 != 200 : {'requestId': '1ec1d96a-7598-48ce-b1be-54720cccbf6a', 'code': 'SOURCE_UNAVAILABLE', 'message': 'Source unavailable'}

======================================================================
FAIL: test_refund_preview_records_an_intent_that_cannot_execute (control.test_founder_actions.ActionRouteTests.test_refund_preview_records_an_intent_that_cannot_execute)
----------------------------------------------------------------------
Traceback (most recent call last):
  File "/Users/ouxianxing/Documents/James-Au-Studio-founder-admin/tests/control/test_founder_actions.py", line 488, in test_refund_preview_records_an_intent_that_cannot_execute
    self.assertEqual(status, 200, preview)
AssertionError: 503 != 200 : {'requestId': '935a19f0-300d-4283-bb29-dfb1ee584f7e', 'code': 'SOURCE_UNAVAILABLE', 'message': 'Source unavailable'}

----------------------------------------------------------------------
Ran 3678 tests in 166.254s

FAILED (failures=4, errors=8, skipped=348)
