✔ normalizeStyle turns anything into a complete, valid style (4.81025ms)
✔ presetOf names the starting point a style matches, and nothing for a custom mix (0.813041ms)
✔ the web style module matches the server one (style.py) (2.932584ms)
✔ applyStylePatch merges like the server: the preset, then single fields (403.087542ms)
✔ a save shows at once, then settles on what the server kept (216.24925ms)
✔ a refused save rolls back, says why and rejects (12.7685ms)
✔ saves reach the server one at a time, in order, and an earlier answer never undoes a later change (11.801875ms)
✔ requestFields keeps order, drops unready and duplicate chips, omits empty keys (9.726959ms)
✔ requestFields enforces the limits: 3 posts, 12 references, 4 attachments, 1 video (0.493042ms)
✔ labelFor matches the shared vectors (tests/fixtures/chip-labels.json) (6.263583ms)
✔ postRoleDefault matches the shared REWORK_CUES vectors (tests/fixtures/rework-cues.json) (2.3375ms)
✔ only one post can be reworked (0.371917ms)
✔ nextSlot keeps Photo/Video letters stable (1.725708ms)
✔ insertLabel uses 「」 next to CJK and “” otherwise, with no spaces added (1.369083ms)
✔ explicit skill and connector references stay ordered and unchanged on the wire (0.398458ms)
✔ an upload goes preparing → uploading(p%) → checking → ready, and only then joins the fields (261.0725ms)
✔ a failed upload blocks nothing, is not sent, and retry goes back to preparing (3.896583ms)
✔ reads: reading → read with the note, or failed; reading lines count photos (38.913875ms)
✔ limits and duplicates: 4 media, 1 video, 3 posts, 12 references; the same item once (1.469375ms)
✔ roles: one rework post at a time; media roles switch and keep a read note (2.338041ms)
✔ remove → undo within 5 s restores the same place; after 5 s it is gone (1.811792ms)
✔ clearSent keeps chips that did not go out (unsent uploads, and anything added after the send began) (1.403ms)
✔ persistence: settled chips saved as they are, uploads as stopped; restore re-checks against the snapshot (1.303833ms)
✔ brief recovery v2 stores text and chips, v1 still decodes, other owners and bad chips never restore (19.135167ms)
✔ the credit estimate is keyed on the exact body plus the workspace revision (145.58175ms)
✔ the chip says its role or state in SPEC §13 words (1.713792ms)
✔ reading is blocked with the SPEC §13 line for each reason, and owners get the allow path (36.996667ms)
✔ chip, bar and sheets keep the SPEC §4.4/§11.6 structure (3.854125ms)
✔ redirects reject external paths, URL parser tricks and verification loops (1.43125ms)
✔ invite destination follows actual role and live permission flags (0.153417ms)
✔ brief recovery restores text only in the same user and workspace (339.623167ms)
✔ damaged or oversized storage cannot replace current input (318.448583ms)
✔ a saved brief does not carry public quotation or model permissions (24.917625ms)
✔ a disconnected account leaves the Channels list unless posts for it are on hold (670.216125ms)
✔ connected and lapsed accounts stay listed: they still need the person (439.74075ms)
✔ a disconnected account does not count as connected (165.068333ms)
✔ a signed PUT sends only the ticket headers and reports progress (5.50225ms)
✔ one retry on a network error, none on a storage refusal (1.874083ms)
✔ a stop is final and never retried (0.961917ms)
✔ only a Supabase signed upload URL is accepted (0.741583ms)
✔ client routes for media notes, videos, playback URLs and picker search (598.856709ms)
✔ same-platform account controls read only their exact language selection (658.3665ms)
✔ previews never borrow an account identity from another connection (27.716709ms)
✔ the composer mounts the bar between the textarea and "Draft for" (2.297167ms)
✔ textarea handlers are composed explicitly, never spread over the composer’s own (0.237167ms)
✔ ⌘/Ctrl+Enter respects IME, and send waits for uploads (0.200416ms)
✔ the shared composer mounts slash commands and full Agent Chat sends agent commands through Agent Runtime V2 (0.103583ms)
✔ the conversation sends one set of chip fields to the estimate and the turn, none with quick replies (0.116417ms)
✔ reads settle before sending, only sent chips are cleared, and the report shows under each answer (0.085333ms)
✔ the composer exposes a MESSAGE_MAX and uses it for the textarea, not a hardcoded number (1.752917ms)
✔ MESSAGE_MAX matches the server turn cap (ideas.MAX_TEXT), so the shown limit is the real one (0.621ms)
✔ the composer shows the character count once the person is close to the limit (0.589291ms)
✔ Context Pocket excludes run-only quick-start sources but keeps explicitly saved sources (680.290375ms)
✔ legacy generic source labels show their content instead of repeated Pasted source rows (261.897458ms)
✔ derived legacy titles are compact and bounded (37.8815ms)
✔ reads go to the documented routes with the guard header, the session and no-store (59.923708ms)
✔ every route used by the UI matches API.md (20.23225ms)
✔ ids from the server cannot leave their path segment (1.252ms)
✔ 404 feature_disabled is recognised as "feature off", not an error to show (0.750417ms)
✔ other refusals keep the server message and are not retried; outages are retried twice (0.708667ms)
✔ without a session nothing is sent (0.133417ms)
✔ Scout creation and follow-up keep plan and observed job ids; watch is explicit (0.797583ms)
✔ credit limits are converted exactly to milli-credits (308.302708ms)
✔ invalid or excessive limits do not authorize spending (35.30175ms)
✔ billing exposes approved server-provided packs to owners only (5.203ms)
✔ a checkout return prompts verification rather than declaring payment success (0.275708ms)
✔ follow-up binds a credit approval to this conversation and exact request (481.64675ms)
✔ legacy and own-provider follow-ups do not create a cloud-credit approval (58.622959ms)
✔ a rejected credit approval never dispatches a model turn (14.524875ms)
✔ leaving the conversation while approving does not submit into the old view (13.482417ms)
✔ invalid limits and unapproved media/research are rejected before transport (227.865083ms)
✔ the conversation uses the credit flow and immediate submission guard (0.702208ms)
✔ the preserved v9 homepage binds its own quote before quick-start (27.993208ms)
✔ a lost response is resent with the identical keyed request, never re-approved (10.989792ms)
✔ an answer from the application is final: no resend of a refused or failed request (84.2275ms)
✔ an unkeyed request is never resent (49.505709ms)
✔ when resends are exhausted the person is told the request may still be running (29.845958ms)
✔ references and attachments reach the quote and the turn byte-identically (chat-context SPEC §3 S4) (13.259ms)
✔ latest v9 retains its real composer and exposes credit approval (17.346041ms)
✔ quotes remain opt-in and unfinished input has an explicit recovery action (1.187875ms)
✔ growth routes preserve workspace encoding, request keys and guards (162.354625ms)
✔ public analysis and DNA never attach session credentials (12.997041ms)
✔ the idea composer takes the chip row, the ＋ button and composed handlers (1.545209ms)
✔ Home mounts the shared slash menu and agent commands open a real Agent Runtime conversation (0.588708ms)
✔ estimate, quote and submit carry the same chip fields; answerAutomation is unchanged (0.342ms)
✔ Home routes sources, templates and accounts instead of making chips (0.1785ms)
✔ the Expand dialog shares the handlers, shows a compact chip strip and keeps the @ list inside (0.129875ms)
✔ concurrent changes are not overwritten by locally edited captions (83.570917ms)
✔ homepage results can reload their persisted run and current saved text (0.256625ms)
✔ a channel named in the brief is shown after the chosen destinations, not hidden (268.186625ms)
✔ after a reload the saved text wins: created, edited refresh, pending proposal (150.244167ms)
✔ local edits show as edited only when they differ from the saved text (10.110542ms)
✔ isImeEvent covers composing flags and keyCode 229 on the event or its native event (2.734083ms)
✔ Safari order: compositionend, then the committing keydown 229, then a real Enter (0.202333ms)
✔ Chrome order: keydown with isComposing before compositionend (0.100958ms)
✔ Android order: keyCode 229 for every key, even outside composition events (0.068458ms)
✔ two quick compositions keep the guard up until both settle (0.061417ms)
✔ the default scheduler clears after one macrotask (4.248333ms)
✔ composers and lists that act on Enter use the shared IME rule (SPEC §4.9) (0.872291ms)
✔ review matches the requested account, not the first platform match (1.815167ms)
✔ review never borrows a draft from a different generation (0.233584ms)
✔ review refuses a different account even for the same platform (0.173125ms)
✔ one legacy platform draft can still be assigned explicitly (0.465791ms)
✔ schedule defaults keep the selected account (0.668875ms)
✔ duplicate clicks and keyboard submissions acquire only one slot (146.015917ms)
✔ Strict Mode cleanup and remount do not permanently deactivate submission (77.486875ms)
✔ disposed work cannot be accepted into another view (4.679875ms)
✔ new users prefer an available cloud model without installing a CLI (289.666083ms)
✔ an unavailable saved model never silently changes provider or billing (15.451709ms)
✔ Auto follows a priced workspace default; an explicit pick is never replaced by it (77.802083ms)
✔ Home mounts account folders and preserves destination IDs (0.92225ms)
✔ saved folders are available from account management (0.484875ms)
✔ public quotation is opt-in and brand copy acknowledges reviewed AI proposals (0.641458ms)
✔ quick starts are secondary to the composer instead of an always-open catalogue (3.382292ms)
✔ campaign schedule and suggestion snooze expose existing backend controls (0.910292ms)
✔ the Library accepts HEIC and lists only Library assets (3.137709ms)
✔ the Library copy is the SPEC §13 string (0.737833ms)
✔ videos show a duration badge and play inline with their poster (0.696542ms)
✔ the consent row: owner-only confirm, processors named, hidden unless reading is available (1.98675ms)
✔ parseQuery matches the vectors shared with the server (13.151875ms)
✔ required cases (1.146084ms)
✔ ranking: prefix > word start > substring > recency (0.915459ms)
✔ server results win by id; local ones show until it answers (0.117709ms)
✔ the server is asked for one CJK character or two Latin characters (0.446209ms)
✔ JPEG and PNG within the limit are returned untouched (41.894ms)
✔ a large JPEG is scaled at 2048, then 1600, then 1200, original format first (0.913875ms)
✔ a PNG keeps its format when that fits, else falls back to JPEG (0.8965ms)
✔ HEIC and other formats are always re-encoded to JPEG, even when small (0.200916ms)
✔ decode failures give the SPEC §13 messages and a typed code (0.451834ms)
✔ nothing fits → null (the caller says the photo is too large) (0.115958ms)
✔ HEIC detection by type or name (0.058375ms)
✔ asset kinds mirror the server predicates (0.138ms)
✔ UTF-8 with and without BOM (3.226625ms)
✔ Big5 then GB18030 fallbacks (2.499417ms)
✔ 20,000 UTF-8 bytes at most, counted after decoding (0.248708ms)
✔ text file detection (0.159209ms)
✔ firstPostImageId: the draft first post-role photo that can still go out (0.098708ms)
✔ scheduling surfaces offer postable photos only (SPEC §7.6) (0.411208ms)
✔ opens after start, whitespace, CJK and punctuation (0.973083ms)
✔ never inside words, emails, paths, URLs or handles (0.093208ms)
✔ never on paste, drop or replacement text (0.056583ms)
✔ the query ends at whitespace, @, newlines, CJK or ASCII punctuation, or 40 code points (0.941334ms)
✔ the reducer: typing refilters, a terminator closes, a dismissed anchor never reopens (0.155541ms)
✔ no catalogue yet means no model, so the server picks its default writer (2.255083ms)
✔ the managed writer is the default; templates only when nothing else is offered (0.216166ms)
✔ a fixture saved under the old key is not a choice of templates; a new explicit choice is kept (0.079959ms)
✔ templates are named for what they are (0.073875ms)
✔ Auto is stored as a marker and resolves to the workspace default, else the deployment default (0.107958ms)
✔ an unpriced or withdrawn workspace default falls back to the deployment default, with a note (0.889958ms)
✔ an explicit pick still wins over Auto, even when it is unavailable (0.064667ms)
✔ requests never carry an "auto" marker: managed Auto omits the model, the Auto level omits reasoning (0.113708ms)
✔ templates and CLIs keep today's request: their model and an explicit level, on Auto too (0.078167ms)
✔ an old managed "high" (the two-pass Deep) becomes Thorough, not a single effort=high pass (33.600083ms)
✔ every sender spreads the Auto-aware request fields; the Rafii panel names the resolved writer (1.731833ms)
✔ an open dialog comes first, then main, with targets and states (35.83975ms)
✔ typed values, private areas, passwords and hidden things stay out (2.67575ms)
✔ labels that read like instructions are left out (0.569458ms)
✔ at most 40 items, 80 characters each and about 3,000 characters in all (0.955458ms)
✔ a status keeps its words and lists its buttons; a data-tour region is named by its heading (0.843875ms)
✔ roots: open dialogs (the one on top first), then main; Rafii’s own panel is never read (1.422834ms)
✔ the panel declares guides; only a voice call declares voice control (0.265708ms)
✔ goodbyes are recognised in English, Cantonese and Mandarin (3.925083ms)
✔ a request that only mentions a goodbye is not one (2.455417ms)
✔ mute and stop talking are whole requests only (0.750416ms)
✔ style changes map to one fixed patch each, with a one-sentence confirmation (2.978958ms)
✔ instructions for GPT-Live come only from the fixed map, never from the request (2.479333ms)
✔ pages open from their manifest titles, and from everyday names in English and Chinese (1.833083ms)
✔ guides start from teaching requests that are only a guide topic (4.875458ms)
✔ every confirmation is one short sentence, and stop talking is confirmed by silence (1.16ms)
✔ voice_command blocks from the agent are read field by field (1.169125ms)
✔ normalising maps width, case, punctuation and simplified characters (0.595042ms)
✔ filters mirror the server: rejected posts, hidden templates, disconnected accounts, unusable sources, unready media (2.755041ms)
✔ recents: newest first, a scheduled post by its time, 8 per group (0.906666ms)
✔ aliases switch the group; platform aliases pick accounts on that platform (1.732833ms)
✔ mention list rows: Keep first, at most four matches, then More…, stable ids (0.337042ms)
✔ keys: arrows move, Enter picks only off the Keep row, Escape closes; ARIA and announcements (0.269458ms)
✔ the list never takes focus and keeps the keyboard (0.213583ms)
✔ only a Han/Kana/Hangul character or two Latin characters reach the server (1.610125ms)
✔ server groups flatten in the list’s order, only the categories asked for (0.85575ms)
✔ server results win by id; local ones show until it answers or when it fails (0.120125ms)
✔ the mention list and the sheet’s search views use it (3.988625ms)
✔ productivity connector client uses the hosted connector endpoints (1.073875ms)
✔ the one plus sheet owns skills and connected apps, with on-demand connector search (0.241334ms)
✔ Recent posts opens the existing consent-separated writing-sample review on Home and conversation chat (0.372083ms)
✔ OAuth provider return has public forwarding and authenticated completion surfaces (0.192125ms)
✔ connector items remembered by the composer feed local @ results only (1.759583ms)
✔ the registry has exactly the contract commands, each complete and unique (2.059875ms)
✔ aliases never collide: no word finds two commands (0.215125ms)
✔ the Chinese words people type find their commands (0.134916ms)
✔ the extra page and guide words only name pages and guides the manifests have (0.097333ms)
✔ descriptions say what costs, what waits for approval, and where web search is turned on (0.070042ms)
✔ parseSlash reads the command and trimmed arguments at the start of a message (0.224208ms)
✔ Chinese typed without a space still splits: /天氣香港 is /weather 香港 (0.199875ms)
✔ anything else stays plain text (0.064291ms)
✔ the payload names the command and caps its words at 1,000 characters (0.181083ms)
✔ the menu opens on a slash at the start or after whitespace, until a space is typed (0.793959ms)
✔ the menu stays closed during IME composition and after Esc on the same word (0.183208ms)
✔ IME key presses are recognised from the event or React’s native event (0.094542ms)
✔ filtering puts exact names first, then names it starts, then names containing it (0.25075ms)
✔ Chinese aliases match by containment, exact aliases first (0.215375ms)
✔ rows are grouped under Write, Look up, Images, Plan and Rafii (0.184041ms)
✔ the menu renders a grouped listbox: /name, the hint and the description on each option (194.846084ms)
✔ a pick runs client commands that need no words and inserts everything else (0.406625ms)
✔ a pick keeps what else was typed (0.255958ms)
✔ /open matches page titles, ids and everyday words, and only pages without an id in their path (10.747875ms)
✔ /open asks back instead of guessing, and never navigates without a match (0.768917ms)
✔ /guide matches the guide manifest keywords and starts the guide (2.466209ms)
✔ /guide with no match lists three guides and starts none (0.528292ms)
✔ /guide says so when the guide could not start here (0.553709ms)
✔ /style applies a preset or opens the style settings (0.534291ms)
✔ /voice, /new and /help (0.134208ms)
✔ with no handler on this screen, every client command says it can’t, and never claims success (0.165ms)
✔ a handler that throws is reported as a failure, not a success (0.982666ms)
✔ a context can bring its own handlers instead of the registered ones (0.494541ms)
✔ the guide manifest twin matches the API copy byte for byte (1.128375ms)
✔ every manifest guide has steps, and every guide with steps is in the manifest (0.79575ms)
✔ each guide starts on the page its manifest entry names (0.088417ms)
✔ every step has a target, words and a known action (0.286458ms)
✔ every data-tour id a guide names exists on a page (511.833542ms)
✔ click steps only press elements the pages mark data-guide-safe (0.40125ms)
✔ safe ids carry data-guide-safe in the page source, and nothing else does (57.242792ms)
✔ what the person must do themselves is never marked safe (78.9905ms)
✔ isGuideSafe accepts marked elements, and tabs inside a marked tab list only (0.210958ms)
✔ an answer asks for a guide, a link or a style change (0.2725ms)
✔ the ledger runs each answer once, and never an answer older than one that already ran (0.270125ms)
✔ the cursor glides for 600 to 900 ms along a gentle curve and lands inside the target (0.190542ms)
✔ CLI routes: five real segments, four-bar scale with High+ half-lit, identity mapping (2.944042ms)
✔ no stored preference: the lowest option is the provider default (today's behaviour, no extra cost) (0.1485ms)
✔ managed routes: three segments Low/Medium/High → quick/standard/deep; higher preferences fall to the nearest lower level (0.106625ms)
✔ a route with only `quick` is not applied: greyed generic segments, preference kept, run still sends quick (0.096084ms)
✔ empty or missing option lists never invent a value (0.072792ms)
✔ option ids from the composer's existing chooseReasoning normalise to ladder levels (0.054333ms)
✔ a partial ladder (the synthetic selector fixture: low + high) picks the nearest lower level (0.075375ms)
✔ unknown vocabularies are read by rank and every segment keeps a real option id (0.109375ms)
✔ managed levels keep the catalogue order and labels; Off and Minimal stay distinct from Low (6.085834ms)
✔ Auto as the writer offers only Auto and Thorough (0.725792ms)
✔ the default level is Auto; a stored level not offered or unavailable falls back to Auto on a managed writer (1.764875ms)
✔ other routes keep today's rule: the stored option if listed and available, else the first available one (0.129541ms)
✔ v1 preferences move once: managed ladder values become Auto or Thorough, CLI efforts stay, the rest is dropped (0.1305ms)
✔ v2 preferences are read verbatim, including ids the old ladder could not store (0.061833ms)
✔ cost hints: credits only under credit billing, else relative to Auto, never provider dollars (56.603833ms)
✔ the manifest twin matches the API copy byte for byte (12.499458ms)
✔ routes match app paths with their parameters (1.164875ms)
✔ only manifest links survive (0.300334ms)
✔ suggestions fit the page and the role (0.15925ms)
✔ activity rows are only the steps that really ran (0.319625ms)
✔ panel answers are recognised by their body (0.147834ms)
✔ append keeps selected older pages and deduplicates imported post identities (5.128167ms)
✔ foreign accounts, broken cursor chains, duplicate cursors and unbounded previews fail (0.390417ms)
✔ coverage describes the loaded date range and never says all posts (81.924208ms)
✔ only selected verified unexpired posts can form a bounded retention request (0.160208ms)
✔ Ask Rafii recognizes explicit own-writing analysis without treating it as a draft (0.64725ms)
✔ manual setup does not silently preselect warm as a learned tone (0.462083ms)
✔ both chat entry points intercept learning before drafting or publishing (0.8125ms)
✔ error export removes content, identities, credentials, breadcrumbs and URL queries (1.984375ms)
✔ stack metadata cannot carry credentials, user paths or free-form exception types (3.037916ms)
✔ each used item reads as the SPEC §13 reply line (1.222625ms)
✔ the report comes from run.usage.references; nothing to show is null (1.685416ms)
✔ chip warnings live in the report, not the activity strip; Home reads the server report (0.22025ms)
✔ checkVideoFile: MIME or extension, size, brand (9.715625ms)
✔ brandOf reads compatible brands too (0.112291ms)
✔ walkBoxes: moov before mdat, and after a 64-bit mdat (1.32925ms)
✔ walkBoxes: a broken layout cannot be prepared (2.741667ms)
✔ blankLocation keeps length and offsets and never copies mdat (moov-first) (0.870791ms)
✔ blankLocation keeps length and offsets and never copies mdat (moov-last) (0.342333ms)
✔ blankLocation: nothing to clear returns the same blob (0.145041ms)
✔ blankLocation: no moov or an oversize moov cannot be prepared (2.063958ms)
✔ frameSize: long edge 1024, short edge at least 320, no absurd aspect ratios (0.338084ms)
✔ frameTimes: 10/35/65/90 %, at least 0.5 s, inside the clip (0.188916ms)
✔ readVideoMetadata sets up an iOS-friendly detached video and revokes its URL (0.399292ms)
✔ extractFrames: four JPEG frames at 0.8, sized for reading (0.333708ms)
✔ extractFrames: one muted play/pause nudge when seeking stalls, then skipped frames (0.243ms)
✔ extractFrames: over-size JPEGs retry at lower quality, then skip (0.415375ms)
✔ changing writer never transfers exact sample consent to a different cloud model or CLI (1.588709ms)
✔ one writing grant for every Rafii AI writer model covers exactly the models the server puts in that class (0.121708ms)
✔ drafts write like the author by default only when this writer may read an approved sample (0.070541ms)
✔ "Stop talking" cuts the reply off: its line ends there, marked stopped, and the rest of it is dropped (2.227708ms)
✔ the person speaking again ends the stop; spaces alone do not (0.162458ms)
✔ a new result being said ends the stop, and its words start a new line (0.116125ms)
✔ stopping when Rafii had already finished marks nothing, but still drops a late reply (0.081959ms)
✔ words join their line within an utterance gap, a pause starts a new one, and the list is capped (0.177333ms)
✔ a delegation takes exactly the words said since the last one, and closes the open line (0.144625ms)
✔ after a goodbye the call ends once Rafii has answered and gone quiet, and at most 10 s later (0.184083ms)
✔ readViewport uses the visual viewport, else the window height (51.938833ms)
✔ watchClose uses CloseWatcher when present and is a no-op otherwise (6.76375ms)
✔ STATUS gains Uploading, Reading and Read, parsed the way ui-simplification-browser.cjs reads it (0.495334ms)
✔ PopoverContent passes anchor to the positioner and keeps its defaults (0.2535ms)
✔ bootstrap origin uses configured HTTPS or explicitly local loopback; rejects host tricks (1.175334ms)
✔ bootstrap authenticates fixed reads without cache or redirect; foreign selection cannot select a workspace (27.566791ms)
✔ bootstrap refuses failed identity, missing memberships, enforced MFA and unavailable transport (4.40325ms)
✔ preview bootstrap uses its deployment and fails closed without a valid deployment host (0.184708ms)
✔ protected preview forwards existing deployment access only to fixed API reads without serializing it (0.613875ms)
✔ preview uses only pinned request aliases so deployment cookies stay on their own host (0.14925ms)
ℹ tests 293
ℹ suites 0
ℹ pass 293
ℹ fail 0
ℹ cancelled 0
ℹ skipped 0
ℹ todo 0
ℹ duration_ms 5971.709917
