............{"event": "weather.unavailable", "reason": "timeout", "traceId": "trace_d46b4f625e757b00cdec986bdc46d429"}
.........................{"event": "weather.unavailable", "reason": "URLError: <urlopen error [Errno 8] nodename>", "traceId": "trace_9b53e14844adc9bd0372d05ffac73ac6"}
{"event": "agent_tool.failed", "tool": "weather_now", "errorClass": "KeyError", "traceId": "trace_fc0c0e8a4a17fada6d13a0520ef3684d"}
......................................................................................................................................................................................................................{"event": "metric_reads.complete_failed", "exceptionType": "RuntimeError"}
.{"event": "metric_reads.read_failed", "exceptionType": "ValueError"}
.....error: /Users/ouxianxing/Documents/James-Au-Studio-v3-stage3/data/x.csv is inside a git checkout; write the dataset outside the repository
.........................................................................................................................................................../opt/homebrew/Cellar/python@3.14/3.14.5/Frameworks/Python.framework/Versions/3.14/lib/python3.14/tempfile.py:484: ResourceWarning: Implicitly cleaning up <addinfourl at 4467621664 whose fp = <test_hosted_storage_video.CountingBody object at 0x10a474130>>
  _warnings.warn(self.warn_message, ResourceWarning)
/opt/homebrew/Cellar/python@3.14/3.14.5/Frameworks/Python.framework/Versions/3.14/lib/python3.14/tempfile.py:484: ResourceWarning: Implicitly cleaning up <HTTPError 302: 'scripted'>
  _warnings.warn(self.warn_message, ResourceWarning)
...........................................................................................................................................................................................................{"event": "cron.completed", "requestId": "c9a00eb6decb46919c0c2de321f41622", "status": "unavailable", "notificationDelivery": "not_configured", "coworker": {"status": "disabled"}}
................................................/Users/ouxianxing/Documents/James-Au-Studio-v3-stage3/src/postriff_phase2/cli_runtime.py:420: ResourceWarning: unclosed file <_io.BufferedReader name=6>
  sink.fail(str(error))
ResourceWarning: Enable tracemalloc to get the object allocation traceback
.......................{"event": "request.completed", "requestId": "bcb82032615744808c2c9c7a8bebb00a", "method": "POST", "status": 503, "durationMs": 0.05, "route": "api"}
..........................................................................................................................................................................................................................................................{"event": "cron.completed", "requestId": "16a5ce3e92ae4201b861c32e3770063e", "status": "unavailable", "notificationDelivery": "not_configured", "coworker": {"status": "disabled"}}
.......................................................................................................................................................................................................................{"event": "time_back.write_failed", "exceptionType": "RuntimeError"}
.{"event": "time_back.publish_failed", "exceptionType": "RuntimeError"}
..........................................................................................{"event": "coworker.weekly_recipe_failed", "error": "TypeError"}
...................................................................................................................................................................................................................................................................................................{"event": "request.completed", "requestId": "6cf93cabaf3b4c9daaac4df9efbc9d74", "method": "GET", "status": 503, "durationMs": 0.38, "route": "api"}
........................................................................................................................................................
----------------------------------------------------------------------
Ran 1685 tests in 26.763s

OK
