
> james-au-studio-web@0.1.0 test
> node --experimental-strip-types --test tests/*.test.ts

✔ readiness is a read-only operation and does not start a model (54.197ms)
✔ conversation intake records only an exact saved draft and content type (2.748417ms)
✔ one answer is scoped to its current question and conversation revision (0.486584ms)
✔ input review uses a GET and preserves the exact backend snapshot (0.296875ms)
✔ explicit retries preserve the same consent-bound idempotency request (0.44525ms)
✔ a failed generation HTTP request is never automatically retried (0.555792ms)
✔ polling reads a tracked run and cancellation targets only that run (0.411209ms)
✔ candidate apply contains chosen channels, result hash and optimistic draft revision only (0.352666ms)
✔ history reads encode the draft ID and cannot change the query shape (0.197375ms)
✔ CLI availability alone is not generation readiness (0.127625ms)
✔ interrupted, failed and applied runs are terminal, never publish success (0.178583ms)
✔ history resumes the actual run conversation rather than the newest unrelated intake (1.760166ms)
✔ an active run takes priority over a newer terminal run or requested historic ID (0.183292ms)
✔ the explicit idempotency request is selected when no active generation exists (0.205708ms)
✔ no runs means newest intake; a missing run conversation is never falsely paired (2.406875ms)
✔ workspace discovery is finite, deduplicated and uses at most three concurrent reads (34.975333ms)
✔ workspace discovery never accepts records belonging to a different requested draft (0.366458ms)
✔ empty workspace never performs a transport operation (0.166917ms)
✔ GET uses the same-origin owner session and never a mutation marker (56.133291ms)
✔ JSON draft mutations include the local CSRF marker and expected revision (0.571833ms)
✔ file uploads leave multipart boundary generation to the browser (0.852958ms)
✔ a revision conflict remains a 409 with a specific recoverable message (0.532584ms)
✔ unavailable service gives an explicit offline state instead of sample records (0.374625ms)
✔ non-JSON HTTP failure is retained rather than reported as save success (0.387042ms)
✔ new workspaces create genuinely empty drafts with no generated beliefs (21.48725ms)
✔ editable payload excludes server-controlled identity and status fields (0.463458ms)
✔ every Studio channel has a local icon definition (2.197583ms)
✔ connection preparation submits exact identity-only consent (54.640583ms)
✔ unexpected credential-bearing or external redirect is rejected (1.6325ms)
✔ connection status is read only (0.433417ms)
✔ records only the exact public Xiaohongshu identity metadata (0.816541ms)
✔ requires a separate Creator Center confirmation before connecting Xiaohongshu (0.621542ms)
✔ Xiaohongshu private handoff sends consent but no cookie or token (0.779666ms)
✔ Xiaohongshu verification sends only the closed-surface checkpoint (0.501125ms)
✔ prepares exact YouTube upload connection (0.65075ms)
✔ YouTube verification sends no identity override or credential (0.68775ms)
✔ TikTok locks identity and both read-only scopes (0.626916ms)
✔ TikTok refuses foreign or secret-bearing OAuth navigation (0.294917ms)
✔ Threads locks the approved account and future publishing scope (0.402792ms)
✔ Threads rejects malformed or foreign handoff URLs (0.473958ms)
✔ Threads route test is read only and locks the official text route (0.620958ms)
✔ Threads publication sends the exact approval-bound manifest (0.598208ms)
✔ Pinterest locks the approved account and explicit per-Pin scope (0.573917ms)
✔ Pinterest verification sends no account override or credential (0.357042ms)
✔ Pinterest browser connection sends only independently observed public identity evidence (0.211375ms)
✔ Reddit locks the approved account to identity-only scope (0.167125ms)
✔ Reddit verification sends no account override or credential (0.130041ms)
✔ Reddit browser connection sends only exact public identity evidence and route preference (0.16725ms)
✔ Reddit publish enablement binds the verified account and non-mutating composer evidence (0.495084ms)
✔ Instagram locks approved publishing scopes and exact image manifest (0.626709ms)
✔ Facebook locks approved Page scopes and exact Page manifest (0.38775ms)
✔ delivery queue/worker inspection is a read without promotion or approval (55.456917ms)
✔ prepare sends exact manual-only target/time/derivative fields and no publication authority (2.322625ms)
✔ owner local-task acknowledgement sends only exact manifest hash and draft revision (1.182375ms)
✔ local worker control contains only the requested pause setting (0.491541ms)
✔ cancellation targets an encoded job ID and sends no external deletion instruction (0.641125ms)
✔ recording a permalink calls only the local report endpoint, never the supplied URL (0.807791ms)
✔ job package and asset paths stay same-origin and encode untrusted identifier separators (0.155292ms)
✔ only current handoff/user-reported states offer the package control (0.305334ms)
✔ reported HTTPS metadata rejects non-HTTPS and embedded login credentials (0.467292ms)
✔ heartbeat text never turns a pause setting or missing evidence into worker liveness (0.410583ms)
✔ manual review guard rejects external authority, automatic routes and implicit derivatives (0.18725ms)
✔ queue labels never claim publication or independent verification (0.404416ms)
✔ invalidated package errors retain the actionable server message (0.685958ms)
✔ offline edit keeps its original revision across changes and remains workspace scoped (7.624959ms)
✔ runtime recovery labels do not imply publication or provider fallback (0.343708ms)
✔ readiness does not request account discovery or external routes (52.491333ms)
✔ candidate preparation sends exact target fields through the owner boundary (1.918458ms)
✔ candidate guard rejects promoted identity, route or authority (0.619917ms)
✔ unsafe candidate responses never become downloadable previews (0.903666ms)
✔ setup errors preserve useful server guidance (0.588833ms)
✔ route labels distinguish candidates from qualified integrations (0.397ms)
ℹ tests 72
ℹ suites 0
ℹ pass 72
ℹ fail 0
ℹ cancelled 0
ℹ skipped 0
ℹ todo 0
ℹ duration_ms 330.802666
