
> james-au-studio-web@0.1.0 build:hosted
> tsc --noEmit && vite build --config vite.alpha.config.ts

vite v8.3.0 building client environment for production...
transforming...
✓ 72 modules transformed.
rendering chunks...
computing gzip size...
dist-alpha/index.html                   0.42 kB │ gzip:   0.29 kB
dist-alpha/assets/index-SXxjsmDn.css   55.61 kB │ gzip:  12.58 kB
dist-alpha/assets/index-DJxdptZT.js   588.40 kB │ gzip: 162.32 kB

✓ built in 142ms
[plugin builtin:vite-reporter] 
(!) Some chunks are larger than 500 kB after minification. Consider:
- Using dynamic import() to code-split the application
- Use build.rolldownOptions.output.codeSplitting to improve chunking: https://rolldown.rs/reference/OutputOptions.codeSplitting
- Adjust chunk size limit for this warning via build.chunkSizeWarningLimit.
64 INFO: PyInstaller: 6.22.3, contrib hooks: 2026.7
64 INFO: Python: 3.14.5
74 INFO: Platform: macOS-15.1-arm64-arm-64bit-Mach-O
74 INFO: Python environment: /Users/ouxianxing/Documents/James-Au-Studio/.phase3-build-venv
75 INFO: wrote /Users/ouxianxing/Documents/James-Au-Studio/desktop/postriff-sidecar.spec
77 INFO: Removing temporary files and cleaning cache in /Users/ouxianxing/Library/Application Support/pyinstaller
89 INFO: Module search paths (PYTHONPATH):
['/Users/ouxianxing/Documents/James-Au-Studio',
 '/opt/homebrew/Cellar/python@3.14/3.14.5/Frameworks/Python.framework/Versions/3.14/lib/python314.zip',
 '/opt/homebrew/Cellar/python@3.14/3.14.5/Frameworks/Python.framework/Versions/3.14/lib/python3.14',
 '/opt/homebrew/Cellar/python@3.14/3.14.5/Frameworks/Python.framework/Versions/3.14/lib/python3.14/lib-dynload',
 '/Users/ouxianxing/Documents/James-Au-Studio/.phase3-build-venv/lib/python3.14/site-packages',
 '/Users/ouxianxing/Documents/James-Au-Studio/desktop',
 '/Users/ouxianxing/Documents/James-Au-Studio/src']
214 INFO: Appending 'datas' from .spec
215 INFO: checking Analysis
215 INFO: Building Analysis because Analysis-00.toc is non existent
215 INFO: Looking for Python shared library...
218 INFO: Using Python shared library: /opt/homebrew/Cellar/python@3.14/3.14.5/Frameworks/Python.framework/Versions/3.14/Python
218 INFO: Running Analysis Analysis-00.toc
218 INFO: Target bytecode optimization level: 0
218 INFO: Initializing module dependency graph...
219 INFO: Initializing module graph hook caches...
229 INFO: Analyzing modules for base_library.zip ...
1281 INFO: Processing standard module hook 'hook-encodings.py' from '/Users/ouxianxing/Documents/James-Au-Studio/.phase3-build-venv/lib/python3.14/site-packages/PyInstaller/hooks'
1524 INFO: Processing standard module hook 'hook-math.py' from '/Users/ouxianxing/Documents/James-Au-Studio/.phase3-build-venv/lib/python3.14/site-packages/PyInstaller/hooks'
2747 INFO: Processing standard module hook 'hook-difflib.py' from '/Users/ouxianxing/Documents/James-Au-Studio/.phase3-build-venv/lib/python3.14/site-packages/PyInstaller/hooks'
2759 INFO: Processing standard module hook 'hook-heapq.py' from '/Users/ouxianxing/Documents/James-Au-Studio/.phase3-build-venv/lib/python3.14/site-packages/PyInstaller/hooks'
2858 INFO: Processing standard module hook 'hook-pickle.py' from '/Users/ouxianxing/Documents/James-Au-Studio/.phase3-build-venv/lib/python3.14/site-packages/PyInstaller/hooks'
4190 INFO: Caching module dependency graph...
4218 INFO: Analyzing /Users/ouxianxing/Documents/James-Au-Studio/desktop/sidecar_entry.py
4406 INFO: Processing standard module hook 'hook-sqlite3.py' from '/Users/ouxianxing/Documents/James-Au-Studio/.phase3-build-venv/lib/python3.14/site-packages/PyInstaller/hooks'
4588 INFO: Processing standard module hook 'hook-platform.py' from '/Users/ouxianxing/Documents/James-Au-Studio/.phase3-build-venv/lib/python3.14/site-packages/PyInstaller/hooks'
4619 INFO: Processing standard module hook 'hook-xml.py' from '/Users/ouxianxing/Documents/James-Au-Studio/.phase3-build-venv/lib/python3.14/site-packages/PyInstaller/hooks'
4660 INFO: Processing standard module hook 'hook-sysconfig.py' from '/Users/ouxianxing/Documents/James-Au-Studio/.phase3-build-venv/lib/python3.14/site-packages/PyInstaller/hooks'
4675 INFO: Processing standard module hook 'hook-_osx_support.py' from '/Users/ouxianxing/Documents/James-Au-Studio/.phase3-build-venv/lib/python3.14/site-packages/PyInstaller/hooks'
4678 INFO: Processing standard module hook 'hook-_ctypes.py' from '/Users/ouxianxing/Documents/James-Au-Studio/.phase3-build-venv/lib/python3.14/site-packages/PyInstaller/hooks'
4776 INFO: Processing standard module hook 'hook-zoneinfo.py' from '/Users/ouxianxing/Documents/James-Au-Studio/.phase3-build-venv/lib/python3.14/site-packages/_pyinstaller_hooks_contrib/stdhooks'
4872 INFO: Processing standard module hook 'hook-PIL.py' from '/Users/ouxianxing/Documents/James-Au-Studio/.phase3-build-venv/lib/python3.14/site-packages/PyInstaller/hooks'
4986 INFO: Processing standard module hook 'hook-PIL.Image.py' from '/Users/ouxianxing/Documents/James-Au-Studio/.phase3-build-venv/lib/python3.14/site-packages/PyInstaller/hooks'
5219 INFO: Processing standard module hook 'hook-xml.etree.cElementTree.py' from '/Users/ouxianxing/Documents/James-Au-Studio/.phase3-build-venv/lib/python3.14/site-packages/PyInstaller/hooks'
5419 INFO: Processing standard module hook 'hook-PIL.ImageFilter.py' from '/Users/ouxianxing/Documents/James-Au-Studio/.phase3-build-venv/lib/python3.14/site-packages/PyInstaller/hooks'
5748 INFO: Processing module hooks (post-graph stage)...
6073 INFO: Processing standard module hook 'hook-PIL.SpiderImagePlugin.py' from '/Users/ouxianxing/Documents/James-Au-Studio/.phase3-build-venv/lib/python3.14/site-packages/PyInstaller/hooks'
6197 INFO: Performing binary vs. data reclassification (3 entries)
6199 INFO: Looking for ctypes DLLs
6208 INFO: Analyzing run-time hooks ...
6209 INFO: Including run-time hook 'pyi_rth_inspect.py' from '/Users/ouxianxing/Documents/James-Au-Studio/.phase3-build-venv/lib/python3.14/site-packages/PyInstaller/hooks/rthooks'
6215 INFO: Creating base_library.zip...
6228 INFO: Looking for dynamic libraries
6341 INFO: Warnings written to /Users/ouxianxing/Documents/James-Au-Studio/desktop/build-sidecar/postriff-sidecar/warn-postriff-sidecar.txt
6353 INFO: Graph cross-reference written to /Users/ouxianxing/Documents/James-Au-Studio/desktop/build-sidecar/postriff-sidecar/xref-postriff-sidecar.html
6421 INFO: checking PYZ
6421 INFO: Building PYZ because PYZ-00.toc is non existent
6421 INFO: Building PYZ (ZlibArchive) /Users/ouxianxing/Documents/James-Au-Studio/desktop/build-sidecar/postriff-sidecar/PYZ-00.pyz
6666 INFO: Building PYZ (ZlibArchive) /Users/ouxianxing/Documents/James-Au-Studio/desktop/build-sidecar/postriff-sidecar/PYZ-00.pyz completed successfully.
6670 INFO: EXE target arch: arm64
6670 INFO: Code signing identity: None
6671 INFO: checking PKG
6672 INFO: Building PKG because PKG-00.toc is non existent
6672 INFO: Building PKG (CArchive) postriff-sidecar.pkg
6681 INFO: Building PKG (CArchive) postriff-sidecar.pkg completed successfully.
6682 INFO: Bootloader /Users/ouxianxing/Documents/James-Au-Studio/.phase3-build-venv/lib/python3.14/site-packages/PyInstaller/bootloader/Darwin-64bit/run
6682 INFO: checking EXE
6682 INFO: Building EXE because EXE-00.toc is non existent
6682 INFO: Building EXE from EXE-00.toc
6682 INFO: Copying bootloader EXE to /Users/ouxianxing/Documents/James-Au-Studio/desktop/build-sidecar/postriff-sidecar/postriff-sidecar
6682 INFO: Converting EXE to target arch (arm64)
6702 INFO: Removing signature(s) from EXE
6716 INFO: Modifying Mach-O image UUID(s) in EXE
6719 INFO: Appending PKG archive to EXE
6721 INFO: Fixing EXE headers for code signing
6724 INFO: Rewriting the executable's macOS SDK version (26.2.0) to match the SDK version of the Python library (15.4.0) in order to avoid inconsistent behavior and potential UI issues in the frozen application.
6725 INFO: Re-signing the EXE
6751 INFO: Building EXE from EXE-00.toc completed successfully.
6752 INFO: checking COLLECT
6752 INFO: Building COLLECT because COLLECT-00.toc is non existent
6753 INFO: Building COLLECT COLLECT-00.toc
9417 INFO: Building COLLECT COLLECT-00.toc completed successfully.
9418 INFO: Build complete! The results are available in: /Users/ouxianxing/Documents/James-Au-Studio/desktop/bundle

> postriff-desktop@0.3.0 package:mac
> node package.cjs darwin arm64

Packaging app for platform darwin arm64 using electron v44.3.0
