
> james-au-studio-web@0.1.0 test
> node --experimental-strip-types --test tests/*.test.ts

✔ readiness is a read-only operation and does not start a model (62.513666ms)
✔ conversation intake records only an exact saved draft and content type (3.254917ms)
✔ one answer is scoped to its current question and conversation revision (0.894ms)
✔ input review uses a GET and preserves the exact backend snapshot (0.530166ms)
✔ explicit retries preserve the same consent-bound idempotency request (0.784375ms)
✔ a failed generation HTTP request is never automatically retried (0.615916ms)
✔ polling reads a tracked run and cancellation targets only that run (0.435167ms)
✔ candidate apply contains chosen channels, result hash and optimistic draft revision only (0.320875ms)
✔ history reads encode the draft ID and cannot change the query shape (0.167292ms)
✔ CLI availability alone is not generation readiness (0.110791ms)
✔ interrupted, failed and applied runs are terminal, never publish success (0.185834ms)
✔ history resumes the actual run conversation rather than the newest unrelated intake (2.175583ms)
✔ an active run takes priority over a newer terminal run or requested historic ID (0.125041ms)
✔ the explicit idempotency request is selected when no active generation exists (1.874ms)
✔ no runs means newest intake; a missing run conversation is never falsely paired (0.175917ms)
✔ workspace discovery is finite, deduplicated and uses at most three concurrent reads (31.346708ms)
✔ workspace discovery never accepts records belonging to a different requested draft (0.332584ms)
✔ empty workspace never performs a transport operation (0.108083ms)
✔ GET uses the same-origin owner session and never a mutation marker (61.512583ms)
✔ JSON draft mutations include the local CSRF marker and expected revision (0.779833ms)
✔ file uploads leave multipart boundary generation to the browser (1.898209ms)
✔ a revision conflict remains a 409 with a specific recoverable message (0.866958ms)
✔ unavailable service gives an explicit offline state instead of sample records (0.5955ms)
✔ non-JSON HTTP failure is retained rather than reported as save success (0.404583ms)
✔ new workspaces create genuinely empty drafts with no generated beliefs (42.479875ms)
✔ editable payload excludes server-controlled identity and status fields (0.372084ms)
✔ every Studio channel has a local icon definition (3.269958ms)
✔ connection preparation submits exact identity-only consent (59.232334ms)
✔ unexpected credential-bearing or external redirect is rejected (1.589375ms)
✔ connection status is read only (1.061083ms)
✔ records only the exact public Xiaohongshu identity metadata (1.188667ms)
✔ requires a separate Creator Center confirmation before connecting Xiaohongshu (0.799792ms)
✔ Xiaohongshu private handoff sends consent but no cookie or token (0.626917ms)
✔ Xiaohongshu verification sends only the closed-surface checkpoint (0.27875ms)
✔ prepares exact YouTube upload connection (0.265084ms)
✔ YouTube verification sends no identity override or credential (0.263625ms)
✔ TikTok locks identity and both read-only scopes (0.244625ms)
✔ TikTok refuses foreign or secret-bearing OAuth navigation (0.242375ms)
✔ Threads locks the approved account and future publishing scope (0.301125ms)
✔ Threads rejects malformed or foreign handoff URLs (0.372708ms)
✔ Threads route test is read only and locks the official text route (0.188458ms)
✔ Threads publication sends the exact approval-bound manifest (0.336458ms)
✔ Pinterest locks the approved account and explicit per-Pin scope (0.7065ms)
✔ Pinterest verification sends no account override or credential (0.239166ms)
✔ Pinterest browser connection sends only independently observed public identity evidence (0.221792ms)
✔ Reddit locks the approved account to identity-only scope (0.18425ms)
✔ Reddit verification sends no account override or credential (0.139584ms)
✔ Reddit browser connection sends only exact public identity evidence and route preference (0.166667ms)
✔ Reddit publish enablement binds the verified account and non-mutating composer evidence (0.193ms)
✔ Instagram locks approved publishing scopes and exact image manifest (0.270916ms)
✔ Facebook locks approved Page scopes and exact Page manifest (0.357292ms)
✔ delivery queue/worker inspection is a read without promotion or approval (66.411375ms)
✔ prepare sends exact manual-only target/time/derivative fields and no publication authority (3.187459ms)
✔ owner local-task acknowledgement sends only exact manifest hash and draft revision (0.97575ms)
✔ local worker control contains only the requested pause setting (0.504833ms)
✔ cancellation targets an encoded job ID and sends no external deletion instruction (0.375209ms)
✔ recording a permalink calls only the local report endpoint, never the supplied URL (0.640708ms)
✔ job package and asset paths stay same-origin and encode untrusted identifier separators (0.475917ms)
✔ only current handoff/user-reported states offer the package control (0.166042ms)
✔ reported HTTPS metadata rejects non-HTTPS and embedded login credentials (0.272584ms)
✔ heartbeat text never turns a pause setting or missing evidence into worker liveness (0.342416ms)
✔ manual review guard rejects external authority, automatic routes and implicit derivatives (0.371792ms)
✔ queue labels never claim publication or independent verification (0.326875ms)
✔ invalidated package errors retain the actionable server message (0.869166ms)
✔ offline edit keeps its original revision across changes and remains workspace scoped (23.160292ms)
✔ runtime recovery labels do not imply publication or provider fallback (0.167875ms)
✔ lost response is reconciled after restart without sending a second edit (2.225458ms)
✔ typing while save is in flight preserves new text and detects a later remote edit (0.313958ms)
✔ foreign or absent acknowledgements never discard local text (0.217708ms)
✔ readiness does not request account discovery or external routes (71.754167ms)
✔ candidate preparation sends exact target fields through the owner boundary (3.406333ms)
✔ candidate guard rejects promoted identity, route or authority (0.702792ms)
✔ unsafe candidate responses never become downloadable previews (1.098542ms)
✔ setup errors preserve useful server guidance (0.400209ms)
✔ route labels distinguish candidates from qualified integrations (0.168709ms)
ℹ tests 75
ℹ suites 0
ℹ pass 75
ℹ fail 0
ℹ cancelled 0
ℹ skipped 0
ℹ todo 0
ℹ duration_ms 405.025542
