
> james-au-studio-web@0.1.0 build:hosted
> tsc --noEmit && vite build --config vite.alpha.config.ts

vite v8.3.0 building client environment for production...
transforming...
✓ 72 modules transformed.
rendering chunks...
computing gzip size...
dist-alpha/index.html                   0.42 kB │ gzip:   0.29 kB
dist-alpha/assets/index-SXxjsmDn.css   55.61 kB │ gzip:  12.58 kB
dist-alpha/assets/index-By7H7Tiw.js   590.30 kB │ gzip: 162.99 kB

✓ built in 155ms
[plugin builtin:vite-reporter] 
(!) Some chunks are larger than 500 kB after minification. Consider:
- Using dynamic import() to code-split the application
- Use build.rolldownOptions.output.codeSplitting to improve chunking: https://rolldown.rs/reference/OutputOptions.codeSplitting
- Adjust chunk size limit for this warning via build.chunkSizeWarningLimit.
69 INFO: PyInstaller: 6.22.3, contrib hooks: 2026.7
69 INFO: Python: 3.14.5
80 INFO: Platform: macOS-15.1-arm64-arm-64bit-Mach-O
81 INFO: Python environment: /Users/ouxianxing/Documents/James-Au-Studio/.phase3-build-venv
81 INFO: wrote /Users/ouxianxing/Documents/James-Au-Studio/desktop/postriff-sidecar.spec
85 INFO: Removing temporary files and cleaning cache in /Users/ouxianxing/Library/Application Support/pyinstaller
101 INFO: Module search paths (PYTHONPATH):
['/Users/ouxianxing/Documents/James-Au-Studio',
 '/opt/homebrew/Cellar/python@3.14/3.14.5/Frameworks/Python.framework/Versions/3.14/lib/python314.zip',
 '/opt/homebrew/Cellar/python@3.14/3.14.5/Frameworks/Python.framework/Versions/3.14/lib/python3.14',
 '/opt/homebrew/Cellar/python@3.14/3.14.5/Frameworks/Python.framework/Versions/3.14/lib/python3.14/lib-dynload',
 '/Users/ouxianxing/Documents/James-Au-Studio/.phase3-build-venv/lib/python3.14/site-packages',
 '/Users/ouxianxing/Documents/James-Au-Studio/desktop',
 '/Users/ouxianxing/Documents/James-Au-Studio/src']
227 INFO: Appending 'datas' from .spec
228 INFO: checking Analysis
228 INFO: Building Analysis because Analysis-00.toc is non existent
228 INFO: Looking for Python shared library...
232 INFO: Using Python shared library: /opt/homebrew/Cellar/python@3.14/3.14.5/Frameworks/Python.framework/Versions/3.14/Python
232 INFO: Running Analysis Analysis-00.toc
232 INFO: Target bytecode optimization level: 0
232 INFO: Initializing module dependency graph...
233 INFO: Initializing module graph hook caches...
244 INFO: Analyzing modules for base_library.zip ...
1592 INFO: Processing standard module hook 'hook-encodings.py' from '/Users/ouxianxing/Documents/James-Au-Studio/.phase3-build-venv/lib/python3.14/site-packages/PyInstaller/hooks'
2177 INFO: Processing standard module hook 'hook-pickle.py' from '/Users/ouxianxing/Documents/James-Au-Studio/.phase3-build-venv/lib/python3.14/site-packages/PyInstaller/hooks'
2473 INFO: Processing standard module hook 'hook-math.py' from '/Users/ouxianxing/Documents/James-Au-Studio/.phase3-build-venv/lib/python3.14/site-packages/PyInstaller/hooks'
2608 INFO: Processing standard module hook 'hook-difflib.py' from '/Users/ouxianxing/Documents/James-Au-Studio/.phase3-build-venv/lib/python3.14/site-packages/PyInstaller/hooks'
2621 INFO: Processing standard module hook 'hook-heapq.py' from '/Users/ouxianxing/Documents/James-Au-Studio/.phase3-build-venv/lib/python3.14/site-packages/PyInstaller/hooks'
5368 INFO: Caching module dependency graph...
5399 INFO: Analyzing /Users/ouxianxing/Documents/James-Au-Studio/desktop/sidecar_entry.py
5586 INFO: Processing standard module hook 'hook-sqlite3.py' from '/Users/ouxianxing/Documents/James-Au-Studio/.phase3-build-venv/lib/python3.14/site-packages/PyInstaller/hooks'
5795 INFO: Processing standard module hook 'hook-platform.py' from '/Users/ouxianxing/Documents/James-Au-Studio/.phase3-build-venv/lib/python3.14/site-packages/PyInstaller/hooks'
5827 INFO: Processing standard module hook 'hook-xml.py' from '/Users/ouxianxing/Documents/James-Au-Studio/.phase3-build-venv/lib/python3.14/site-packages/PyInstaller/hooks'
5871 INFO: Processing standard module hook 'hook-sysconfig.py' from '/Users/ouxianxing/Documents/James-Au-Studio/.phase3-build-venv/lib/python3.14/site-packages/PyInstaller/hooks'
5885 INFO: Processing standard module hook 'hook-_osx_support.py' from '/Users/ouxianxing/Documents/James-Au-Studio/.phase3-build-venv/lib/python3.14/site-packages/PyInstaller/hooks'
5889 INFO: Processing standard module hook 'hook-_ctypes.py' from '/Users/ouxianxing/Documents/James-Au-Studio/.phase3-build-venv/lib/python3.14/site-packages/PyInstaller/hooks'
5988 INFO: Processing standard module hook 'hook-zoneinfo.py' from '/Users/ouxianxing/Documents/James-Au-Studio/.phase3-build-venv/lib/python3.14/site-packages/_pyinstaller_hooks_contrib/stdhooks'
6083 INFO: Processing standard module hook 'hook-PIL.py' from '/Users/ouxianxing/Documents/James-Au-Studio/.phase3-build-venv/lib/python3.14/site-packages/PyInstaller/hooks'
6203 INFO: Processing standard module hook 'hook-PIL.Image.py' from '/Users/ouxianxing/Documents/James-Au-Studio/.phase3-build-venv/lib/python3.14/site-packages/PyInstaller/hooks'
6445 INFO: Processing standard module hook 'hook-xml.etree.cElementTree.py' from '/Users/ouxianxing/Documents/James-Au-Studio/.phase3-build-venv/lib/python3.14/site-packages/PyInstaller/hooks'
6654 INFO: Processing standard module hook 'hook-PIL.ImageFilter.py' from '/Users/ouxianxing/Documents/James-Au-Studio/.phase3-build-venv/lib/python3.14/site-packages/PyInstaller/hooks'
6996 INFO: Processing module hooks (post-graph stage)...
7326 INFO: Processing standard module hook 'hook-PIL.SpiderImagePlugin.py' from '/Users/ouxianxing/Documents/James-Au-Studio/.phase3-build-venv/lib/python3.14/site-packages/PyInstaller/hooks'
7458 INFO: Performing binary vs. data reclassification (3 entries)
7461 INFO: Looking for ctypes DLLs
7470 INFO: Analyzing run-time hooks ...
7471 INFO: Including run-time hook 'pyi_rth_inspect.py' from '/Users/ouxianxing/Documents/James-Au-Studio/.phase3-build-venv/lib/python3.14/site-packages/PyInstaller/hooks/rthooks'
7477 INFO: Creating base_library.zip...
7490 INFO: Looking for dynamic libraries
7616 INFO: Warnings written to /Users/ouxianxing/Documents/James-Au-Studio/desktop/build-sidecar/postriff-sidecar/warn-postriff-sidecar.txt
7628 INFO: Graph cross-reference written to /Users/ouxianxing/Documents/James-Au-Studio/desktop/build-sidecar/postriff-sidecar/xref-postriff-sidecar.html
7701 INFO: checking PYZ
7701 INFO: Building PYZ because PYZ-00.toc is non existent
7701 INFO: Building PYZ (ZlibArchive) /Users/ouxianxing/Documents/James-Au-Studio/desktop/build-sidecar/postriff-sidecar/PYZ-00.pyz
7992 INFO: Building PYZ (ZlibArchive) /Users/ouxianxing/Documents/James-Au-Studio/desktop/build-sidecar/postriff-sidecar/PYZ-00.pyz completed successfully.
7996 INFO: EXE target arch: arm64
7996 INFO: Code signing identity: None
7998 INFO: checking PKG
7998 INFO: Building PKG because PKG-00.toc is non existent
7998 INFO: Building PKG (CArchive) postriff-sidecar.pkg
8009 INFO: Building PKG (CArchive) postriff-sidecar.pkg completed successfully.
8009 INFO: Bootloader /Users/ouxianxing/Documents/James-Au-Studio/.phase3-build-venv/lib/python3.14/site-packages/PyInstaller/bootloader/Darwin-64bit/run
8009 INFO: checking EXE
8009 INFO: Building EXE because EXE-00.toc is non existent
8009 INFO: Building EXE from EXE-00.toc
8009 INFO: Copying bootloader EXE to /Users/ouxianxing/Documents/James-Au-Studio/desktop/build-sidecar/postriff-sidecar/postriff-sidecar
8010 INFO: Converting EXE to target arch (arm64)
8034 INFO: Removing signature(s) from EXE
8052 INFO: Modifying Mach-O image UUID(s) in EXE
8056 INFO: Appending PKG archive to EXE
8057 INFO: Fixing EXE headers for code signing
8061 INFO: Rewriting the executable's macOS SDK version (26.2.0) to match the SDK version of the Python library (15.4.0) in order to avoid inconsistent behavior and potential UI issues in the frozen application.
8061 INFO: Re-signing the EXE
8080 INFO: Building EXE from EXE-00.toc completed successfully.
8082 INFO: checking COLLECT
8082 INFO: Building COLLECT because COLLECT-00.toc is non existent
8082 INFO: Building COLLECT COLLECT-00.toc
11298 INFO: Building COLLECT COLLECT-00.toc completed successfully.
11301 INFO: Build complete! The results are available in: /Users/ouxianxing/Documents/James-Au-Studio/desktop/bundle

> postriff-desktop@0.3.0 package:mac
> node package.cjs darwin arm64

Packaging app for platform darwin arm64 using electron v44.3.0
