psql:/Users/ouxianxing/Documents/James-Au-Studio-postdoctor-v2/migrations/postriff/034_unified_notifications.sql:62: NOTICE:  trigger "pr_phone_sms_binding" for relation "public.pr_phone_numbers" does not exist, skipping
== tests/phase2/postgres_repository.py exit=0
{
  "status": "pass",
  "driver": "3.3.5",
  "checks": [
    "real PostgreSQL command persistence",
    "existing alpha command reuse without SQLite",
    "two-user membership denial",
    "stale revision rejection",
    "transaction rollback",
    "viewer write denial",
    "hosted bootstrap and full Phase 2 command composition",
    "PostgreSQL worker lease recovery without duplicate submit"
  ],
  "execution": "disposable-local-postgres"
}

== tests/phase2/postgres_safety.py exit=0
{
  "status": "pass",
  "execution": "disposable-local-postgres",
  "checks": [
    "unknown reconciliation cannot requeue submission",
    "revoked approver blocked at durable claim",
    "read-only approver blocked at durable claim",
    "cancel and rate-limit completion race",
    "incomplete publication evidence rejected"
  ]
}

{"status": "pass", "execution": "disposable-local-postgres", "failed": []}
